Component: ARM Compiler 5.05 (build 41) Tool: armlink [4d0eb9]

==============================================================================

Section Cross References

    main.o(i.assert_nrf_callback) refers to app_error.o(i.app_error_handler) for app_error_handler
    main.o(i.ble_evt_handler) refers to app_error.o(i.app_error_handler_bare) for app_error_handler_bare
    main.o(i.ble_evt_handler) refers to ble_nus_c.o(i.ble_nus_c_handles_assign) for ble_nus_c_handles_assign
    main.o(i.ble_evt_handler) refers to ble_db_discovery.o(i.ble_db_discovery_start) for ble_db_discovery_start
    main.o(i.ble_evt_handler) refers to boards.o(i.bsp_board_led_on) for bsp_board_led_on
    main.o(i.ble_evt_handler) refers to ble_conn_state.o(i.ble_conn_state_n_centrals) for ble_conn_state_n_centrals
    main.o(i.ble_evt_handler) refers to boards.o(i.bsp_board_led_off) for bsp_board_led_off
    main.o(i.ble_evt_handler) refers to main.o(i.scan_start) for scan_start
    main.o(i.ble_evt_handler) refers to app_button.o(i.app_button_disable) for app_button_disable
    main.o(i.ble_evt_handler) refers to main.o(i.on_adv_report) for on_adv_report
    main.o(i.ble_evt_handler) refers to main.o(.bss) for m_ble_nus_c
    main.o(i.ble_evt_handler) refers to main.o(.data) for m_db_disc
    main.o(i.ble_nus_c_evt_handler) refers to ble_nus_c.o(i.ble_nus_c_handles_assign) for ble_nus_c_handles_assign
    main.o(i.ble_nus_c_evt_handler) refers to app_error.o(i.app_error_handler_bare) for app_error_handler_bare
    main.o(i.ble_nus_c_evt_handler) refers to ble_nus_c.o(i.ble_nus_c_tx_notif_enable) for ble_nus_c_tx_notif_enable
    main.o(i.ble_nus_c_evt_handler) refers to main.o(i.ble_nus_chars_received_uart_print) for ble_nus_chars_received_uart_print
    main.o(i.ble_nus_chars_received_uart_print) refers to boards.o(i.bsp_board_led_invert) for bsp_board_led_invert
    main.o(i.ble_nus_chars_received_uart_print) refers to app_uart_fifo.o(i.app_uart_put) for app_uart_put
    main.o(i.ble_nus_chars_received_uart_print) refers to app_error.o(i.app_error_handler_bare) for app_error_handler_bare
    main.o(i.ble_stack_init) refers to nrf_sdh.o(i.nrf_sdh_enable_request) for nrf_sdh_enable_request
    main.o(i.ble_stack_init) refers to app_error.o(i.app_error_handler_bare) for app_error_handler_bare
    main.o(i.ble_stack_init) refers to nrf_sdh_ble.o(i.nrf_sdh_ble_default_cfg_set) for nrf_sdh_ble_default_cfg_set
    main.o(i.ble_stack_init) refers to nrf_sdh_ble.o(i.nrf_sdh_ble_enable) for nrf_sdh_ble_enable
    main.o(i.button_event_handler) refers to main.o(i.led_status_send_to_all) for led_status_send_to_all
    main.o(i.button_event_handler) refers to app_error.o(i.app_error_handler_bare) for app_error_handler_bare
    main.o(i.buttons_init) refers to app_button.o(i.app_button_init) for app_button_init
    main.o(i.buttons_init) refers to app_error.o(i.app_error_handler_bare) for app_error_handler_bare
    main.o(i.buttons_init) refers to main.o(.data) for buttons
    main.o(i.db_disc_handler) refers to ble_nus_c.o(i.ble_nus_c_on_db_disc_evt) for ble_nus_c_on_db_disc_evt
    main.o(i.db_disc_handler) refers to main.o(.bss) for m_ble_nus_c
    main.o(i.db_discovery_init) refers to ble_db_discovery.o(i.ble_db_discovery_init) for ble_db_discovery_init
    main.o(i.db_discovery_init) refers to app_error.o(i.app_error_handler_bare) for app_error_handler_bare
    main.o(i.db_discovery_init) refers to main.o(i.db_disc_handler) for db_disc_handler
    main.o(i.gatt_init) refers to nrf_ble_gatt.o(i.nrf_ble_gatt_init) for nrf_ble_gatt_init
    main.o(i.gatt_init) refers to app_error.o(i.app_error_handler_bare) for app_error_handler_bare
    main.o(i.gatt_init) refers to main.o(.bss) for m_gatt
    main.o(i.leds_init) refers to boards.o(i.bsp_board_leds_init) for bsp_board_leds_init
    main.o(i.log_init) refers to app_error.o(i.app_error_handler_bare) for app_error_handler_bare
    main.o(i.main) refers to main.o(i.log_init) for log_init
    main.o(i.main) refers to main.o(i.timer_init) for timer_init
    main.o(i.main) refers to main.o(i.leds_init) for leds_init
    main.o(i.main) refers to main.o(i.buttons_init) for buttons_init
    main.o(i.main) refers to main.o(i.uart_init) for uart_init
    main.o(i.main) refers to main.o(i.ble_stack_init) for ble_stack_init
    main.o(i.main) refers to main.o(i.gatt_init) for gatt_init
    main.o(i.main) refers to main.o(i.db_discovery_init) for db_discovery_init
    main.o(i.main) refers to main.o(i.nus_c_init) for nus_c_init
    main.o(i.main) refers to ble_conn_state.o(i.ble_conn_state_init) for ble_conn_state_init
    main.o(i.main) refers to main.o(i.scan_start) for scan_start
    main.o(i.main) refers to boards.o(i.bsp_board_led_on) for bsp_board_led_on
    main.o(i.main) refers to main.o(i.power_manage) for power_manage
    main.o(i.nus_c_init) refers to ble_nus_c.o(i.ble_nus_c_init) for ble_nus_c_init
[...]
    pending_user_evts_send                   0x0002749d   Thumb Code    38  ble_db_discovery.o(i.pending_user_evts_send)
    i.pin_in_use_by_gpiote                   0x000274d0   Section        0  nrf_drv_gpiote.o(i.pin_in_use_by_gpiote)
    pin_in_use_by_gpiote                     0x000274d1   Thumb Code    22  nrf_drv_gpiote.o(i.pin_in_use_by_gpiote)
    i.pin_in_use_by_port                     0x000274ec   Section        0  nrf_drv_gpiote.o(i.pin_in_use_by_port)
    pin_in_use_by_port                       0x000274ed   Thumb Code    18  nrf_drv_gpiote.o(i.pin_in_use_by_port)
    i.pin_in_use_by_te                       0x00027504   Section        0  nrf_drv_gpiote.o(i.pin_in_use_by_te)
    pin_in_use_by_te                         0x00027505   Thumb Code    26  nrf_drv_gpiote.o(i.pin_in_use_by_te)
    i.pin_in_use_clear                       0x00027524   Section        0  nrf_drv_gpiote.o(i.pin_in_use_clear)
    pin_in_use_clear                         0x00027525   Thumb Code     8  nrf_drv_gpiote.o(i.pin_in_use_clear)
    i.power_manage                           0x00027530   Section        0  main.o(i.power_manage)
    power_manage                             0x00027531   Thumb Code    26  main.o(i.power_manage)
    i.queue_free                             0x0002754c   Section        0  nrf_fstorage_sd.o(i.queue_free)
    queue_free                               0x0002754d   Thumb Code    14  nrf_fstorage_sd.o(i.queue_free)
    i.queue_load_next                        0x00027564   Section        0  nrf_fstorage_sd.o(i.queue_load_next)
    queue_load_next                          0x00027565   Thumb Code    30  nrf_fstorage_sd.o(i.queue_load_next)
    i.queue_process                          0x00027590   Section        0  nrf_fstorage_sd.o(i.queue_process)
    queue_process                            0x00027591   Thumb Code   130  nrf_fstorage_sd.o(i.queue_process)
    i.queue_start                            0x0002761c   Section        0  nrf_fstorage_sd.o(i.queue_start)
    queue_start                              0x0002761d   Thumb Code    38  nrf_fstorage_sd.o(i.queue_start)
    i.read                                   0x00027648   Section        0  nrf_fstorage_sd.o(i.read)
    read                                     0x00027649   Thumb Code    28  nrf_fstorage_sd.o(i.read)
    i.record_activate                        0x00027664   Section        0  ble_conn_state.o(i.record_activate)
    record_activate                          0x00027665   Thumb Code    68  ble_conn_state.o(i.record_activate)
    i.record_invalidate                      0x000276ac   Section        0  ble_conn_state.o(i.record_invalidate)
    record_invalidate                        0x000276ad   Thumb Code    24  ble_conn_state.o(i.record_invalidate)
    i.record_purge_disconnected              0x000276c8   Section        0  ble_conn_state.o(i.record_purge_disconnected)
    record_purge_disconnected                0x000276c9   Thumb Code    62  ble_conn_state.o(i.record_purge_disconnected)
    i.record_set_disconnected                0x0002770c   Section        0  ble_conn_state.o(i.record_set_disconnected)
    record_set_disconnected                  0x0002770d   Thumb Code    20  ble_conn_state.o(i.record_set_disconnected)
    i.registered_handler_get                 0x00027724   Section        0  ble_db_discovery.o(i.registered_handler_get)
    registered_handler_get                   0x00027725   Thumb Code    52  ble_db_discovery.o(i.registered_handler_get)
    i.registered_handler_set                 0x00027764   Section        0  ble_db_discovery.o(i.registered_handler_set)
    registered_handler_set                   0x00027765   Thumb Code    58  ble_db_discovery.o(i.registered_handler_set)
    i.rmap                                   0x000277a8   Section        0  nrf_fstorage_sd.o(i.rmap)
    rmap                                     0x000277a9   Thumb Code     6  nrf_fstorage_sd.o(i.rmap)
    i.rtc1_compare0_set                      0x000277b0   Section        0  app_timer.o(i.rtc1_compare0_set)
    rtc1_compare0_set                        0x000277b1   Thumb Code     6  app_timer.o(i.rtc1_compare0_set)
    i.rtc1_counter_get                       0x000277bc   Section        0  app_timer.o(i.rtc1_counter_get)
    rtc1_counter_get                         0x000277bd   Thumb Code     6  app_timer.o(i.rtc1_counter_get)
    i.rtc1_init                              0x000277c8   Section        0  app_timer.o(i.rtc1_init)
    rtc1_init                                0x000277c9   Thumb Code    18  app_timer.o(i.rtc1_init)
    i.rtc1_start                             0x000277e0   Section        0  app_timer.o(i.rtc1_start)
    rtc1_start                               0x000277e1   Thumb Code    48  app_timer.o(i.rtc1_start)
    i.rtc1_stop                              0x0002781c   Section        0  app_timer.o(i.rtc1_stop)
    rtc1_stop                                0x0002781d   Thumb Code    68  app_timer.o(i.rtc1_stop)
    i.rx_byte                                0x00027874   Section        0  nrf_drv_uart.o(i.rx_byte)
    rx_byte                                  0x00027875   Thumb Code    62  nrf_drv_uart.o(i.rx_byte)
    i.rx_done_event                          0x000278b2   Section        0  nrf_drv_uart.o(i.rx_done_event)
    rx_done_event                            0x000278b3   Thumb Code    30  nrf_drv_uart.o(i.rx_done_event)
    i.rx_enable                              0x000278d0   Section        0  nrf_drv_uart.o(i.rx_enable)
    rx_enable                                0x000278d1   Thumb Code    34  nrf_drv_uart.o(i.rx_enable)
    i.scan_start                             0x000278f4   Section        0  main.o(i.scan_start)
    scan_start                               0x000278f5   Thumb Code    56  main.o(i.scan_start)
    i.sd_nvic_EnableIRQ                      0x00027930   Section        0  nrf_sdh.o(i.sd_nvic_EnableIRQ)
    sd_nvic_EnableIRQ                        0x00027931   Thumb Code   124  nrf_sdh.o(i.sd_nvic_EnableIRQ)
    i.sd_nvic_SetPriority                    0x000279b8   Section        0  nrf_sdh.o(i.sd_nvic_SetPriority)
    sd_nvic_SetPriority                      0x000279b9   Thumb Code    72  nrf_sdh.o(i.sd_nvic_SetPriority)
    i.sd_nvic_critical_region_enter          0x00027a08   Section        0  app_util_platform.o(i.sd_nvic_critical_region_enter)
    sd_nvic_critical_region_enter            0x00027a09   Thumb Code    90  app_util_platform.o(i.sd_nvic_critical_region_enter)
    i.sd_state_evt_handler                   0x00027a70   Section        0  nrf_drv_clock.o(i.sd_state_evt_handler)
    sd_state_evt_handler                     0x00027a71   Thumb Code   100  nrf_drv_clock.o(i.sd_state_evt_handler)
    i.sdh_request_observer_notify            0x00027adc   Section        0  nrf_sdh.o(i.sdh_request_observer_notify)
    sdh_request_observer_notify              0x00027add   Thumb Code    56  nrf_sdh.o(i.sdh_request_observer_notify)
    i.sdh_state_observer_notify              0x00027b18   Section        0  nrf_sdh.o(i.sdh_state_observer_notify)
    sdh_state_observer_notify                0x00027b19   Thumb Code    48  nrf_sdh.o(i.sdh_state_observer_notify)
    i.sdk_mapped_flags_bulk_update_by_key    0x00027b4c   Section        0  sdk_mapped_flags.o(i.sdk_mapped_flags_bulk_update_by_key)
    i.sdk_mapped_flags_first_key_index_get   0x00027bc8   Section        0  sdk_mapped_flags.o(i.sdk_mapped_flags_first_key_index_get)
    i.sdk_mapped_flags_get_by_index          0x00027bec   Section        0  sdk_mapped_flags.o(i.sdk_mapped_flags_get_by_index)
    sdk_mapped_flags_get_by_index            0x00027bed   Thumb Code    18  sdk_mapped_flags.o(i.sdk_mapped_flags_get_by_index)
    i.sdk_mapped_flags_key_list_get          0x00027bfe   Section        0  sdk_mapped_flags.o(i.sdk_mapped_flags_key_list_get)
    i.sdk_mapped_flags_n_flags_set           0x00027c40   Section        0  sdk_mapped_flags.o(i.sdk_mapped_flags_n_flags_set)
    i.sdk_mapped_flags_update_by_key         0x00027c60   Section        0  sdk_mapped_flags.o(i.sdk_mapped_flags_update_by_key)
    i.soc_evt_handler                        0x00027c7a   Section        0  nrf_drv_clock.o(i.soc_evt_handler)
    soc_evt_handler                          0x00027c7b   Thumb Code    16  nrf_drv_clock.o(i.soc_evt_handler)
    i.softdevice_evt_irq_disable             0x00027c8c   Section        0  nrf_sdh.o(i.softdevice_evt_irq_disable)
    softdevice_evt_irq_disable               0x00027c8d   Thumb Code    98  nrf_sdh.o(i.softdevice_evt_irq_disable)
    i.softdevices_evt_irq_enable             0x00027cf8   Section        0  nrf_sdh.o(i.softdevices_evt_irq_enable)
    softdevices_evt_irq_enable               0x00027cf9   Thumb Code    30  nrf_sdh.o(i.softdevices_evt_irq_enable)
    i.swi_interrupt_priority_workaround      0x00027d16   Section        0  nrf_sdh.o(i.swi_interrupt_priority_workaround)
    swi_interrupt_priority_workaround        0x00027d17   Thumb Code    60  nrf_sdh.o(i.swi_interrupt_priority_workaround)
    i.ticks_diff_get                         0x00027d52   Section        0  app_timer.o(i.ticks_diff_get)
    ticks_diff_get                           0x00027d53   Thumb Code    10  app_timer.o(i.ticks_diff_get)
    i.timeout_handler_exec                   0x00027d5c   Section        0  app_timer.o(i.timeout_handler_exec)
    timeout_handler_exec                     0x00027d5d   Thumb Code    12  app_timer.o(i.timeout_handler_exec)
    i.timer_init                             0x00027d68   Section        0  main.o(i.timer_init)
    timer_init                               0x00027d69   Thumb Code    28  main.o(i.timer_init)
    i.timer_list_handler                     0x00027d84   Section        0  app_timer.o(i.timer_list_handler)
    timer_list_handler                       0x00027d85   Thumb Code    68  app_timer.o(i.timer_list_handler)
    i.timer_list_handler_sched               0x00027dd4   Section        0  app_timer.o(i.timer_list_handler_sched)
    timer_list_handler_sched                 0x00027dd5   Thumb Code    10  app_timer.o(i.timer_list_handler_sched)
    i.timer_list_insert                      0x00027de0   Section        0  app_timer.o(i.timer_list_insert)
    timer_list_insert                        0x00027de1   Thumb Code    98  app_timer.o(i.timer_list_insert)
    i.timer_list_remove                      0x00027e48   Section        0  app_timer.o(i.timer_list_remove)
    timer_list_remove                        0x00027e49   Thumb Code   118  app_timer.o(i.timer_list_remove)
    i.timer_start_op_schedule                0x00027ed0   Section        0  app_timer.o(i.timer_start_op_schedule)
    timer_start_op_schedule                  0x00027ed1   Thumb Code    94  app_timer.o(i.timer_start_op_schedule)
    i.timer_stop_op_schedule                 0x00027f2e   Section        0  app_timer.o(i.timer_stop_op_schedule)
    timer_stop_op_schedule                   0x00027f2f   Thumb Code    66  app_timer.o(i.timer_stop_op_schedule)
    i.timer_timeouts_check                   0x00027f70   Section        0  app_timer.o(i.timer_timeouts_check)
    timer_timeouts_check                     0x00027f71   Thumb Code   130  app_timer.o(i.timer_timeouts_check)
    i.timer_timeouts_check_sched             0x00028008   Section        0  app_timer.o(i.timer_timeouts_check_sched)
    timer_timeouts_check_sched               0x00028009   Thumb Code    10  app_timer.o(i.timer_timeouts_check_sched)
    i.tx_byte                                0x00028012   Section        0  nrf_drv_uart.o(i.tx_byte)
    tx_byte                                  0x00028013   Thumb Code    38  nrf_drv_uart.o(i.tx_byte)
    i.tx_done_event                          0x00028038   Section        0  nrf_drv_uart.o(i.tx_done_event)
    tx_done_event                            0x00028039   Thumb Code    34  nrf_drv_uart.o(i.tx_done_event)
    i.uart_event_handle                      0x0002805c   Section        0  main.o(i.uart_event_handle)
    i.uart_event_handler                     0x0002811c   Section        0  app_uart_fifo.o(i.uart_event_handler)
    uart_event_handler                       0x0002811d   Thumb Code   184  app_uart_fifo.o(i.uart_event_handler)
    i.uart_init                              0x000281f0   Section        0  main.o(i.uart_init)
    uart_init                                0x000281f1   Thumb Code    74  main.o(i.uart_init)
    i.uart_irq_handler                       0x0002824c   Section        0  nrf_drv_uart.o(i.uart_irq_handler)
    uart_irq_handler                         0x0002824d   Thumb Code   322  nrf_drv_uart.o(i.uart_irq_handler)
    i.uarte_irq_handler                      0x0002838e   Section        0  nrf_drv_uart.o(i.uarte_irq_handler)
    uarte_irq_handler                        0x0002838f   Thumb Code   268  nrf_drv_uart.o(i.uarte_irq_handler)
    i.uninit                                 0x0002849c   Section        0  nrf_fstorage_sd.o(i.uninit)
    uninit                                   0x0002849d   Thumb Code    26  nrf_fstorage_sd.o(i.uninit)
    i.user_op_alloc                          0x000284c0   Section        0  app_timer.o(i.user_op_alloc)
    user_op_alloc                            0x000284c1   Thumb Code    56  app_timer.o(i.user_op_alloc)
    i.user_op_enque                          0x000284fc   Section        0  app_timer.o(i.user_op_enque)
    user_op_enque                            0x000284fd   Thumb Code     6  app_timer.o(i.user_op_enque)
    i.wmap                                   0x00028508   Section        0  nrf_fstorage_sd.o(i.wmap)
    wmap                                     0x00028509   Thumb Code     6  nrf_fstorage_sd.o(i.wmap)
    i.write                                  0x00028510   Section        0  nrf_fstorage_sd.o(i.write)
    write                                    0x00028511   Thumb Code    80  nrf_fstorage_sd.o(i.write)
    i.write_execute                          0x00028564   Section        0  nrf_fstorage_sd.o(i.write_execute)
    write_execute                            0x00028565   Thumb Code    82  nrf_fstorage_sd.o(i.write_execute)
    .constdata                               0x000285bc   Section       48  main.o(.constdata)
    m_target_periph_name                     0x000285bc   Data           6  main.o(.constdata)
    m_scan_params                            0x000285c2   Data           8  main.o(.constdata)
    m_connection_param                       0x000285ca   Data           8  main.o(.constdata)
    .constdata                               0x000285ec   Section        8  boards.o(.constdata)
    m_board_led_list                         0x000285ec   Data           4  boards.o(.constdata)
    m_board_btn_list                         0x000285f0   Data           4  boards.o(.constdata)
    .constdata                               0x000285f4   Section       44  bsp.o(.constdata)
    m_leds_timer_id                          0x000285f4   Data           4  bsp.o(.constdata)
    m_alert_timer_id                         0x000285f8   Data           4  bsp.o(.constdata)
    m_button_timer_id                        0x000285fc   Data           4  bsp.o(.constdata)
    app_buttons                              0x00028600   Data          32  bsp.o(.constdata)
    .constdata                               0x00028620   Section      124  ble_db_discovery.o(.constdata)
    .constdata                               0x0002869c   Section       22  nrf_ble_gatt.o(.constdata)
    .constdata                               0x000286b4   Section       40  ble_nus_c.o(.constdata)
    .constdata                               0x000286dc   Section       71  nrf_drv_gpiote.o(.constdata)
    __func__                                 0x000286e0   Data          20  nrf_drv_gpiote.o(.constdata)
    __func__                                 0x000286f4   Data          24  nrf_drv_gpiote.o(.constdata)
    __func__                                 0x0002870c   Data          23  nrf_drv_gpiote.o(.constdata)
    .constdata                               0x00028724   Section        8  app_button.o(.constdata)
    m_detection_delay_timer_id               0x00028724   Data           4  app_button.o(.constdata)
    .constdata                               0x0002872c   Section       48  nrf_fstorage_sd.o(.constdata)
    m_flash_info                             0x0002872c   Data          12  nrf_fstorage_sd.o(.constdata)
    m_fifo                                   0x00028738   Data           4  nrf_fstorage_sd.o(.constdata)
    .constdata                               0x0002875c   Section       32  app_uart_fifo.o(.constdata)
    .constdata                               0x0002877c   Section       88  nrf_sdh.o(.constdata)
    sdh_req_observers_array                  0x0002877c   Data          16  nrf_sdh.o(.constdata)
    sdh_req_observers                        0x0002878c   Data          12  nrf_sdh.o(.constdata)
    sdh_state_observers_array                0x00028798   Data          16  nrf_sdh.o(.constdata)
    sdh_state_observers                      0x000287a8   Data          12  nrf_sdh.o(.constdata)
    sdh_stack_observers_array                0x000287b4   Data          16  nrf_sdh.o(.constdata)
    sdh_stack_observers                      0x000287c4   Data          12  nrf_sdh.o(.constdata)
    .constdata                               0x000287d4   Section       48  nrf_sdh_ble.o(.constdata)
    sdh_ble_observers_array                  0x000287d4   Data          32  nrf_sdh_ble.o(.constdata)
    sdh_ble_observers                        0x000287f4   Data          12  nrf_sdh_ble.o(.constdata)
    .constdata                               0x00028804   Section       28  nrf_sdh_soc.o(.constdata)
    sdh_soc_observers_array                  0x00028804   Data          16  nrf_sdh_soc.o(.constdata)
    sdh_soc_observers                        0x00028814   Data          12  nrf_sdh_soc.o(.constdata)
    sdh_ble_observers0                       0x00028840   Section        8  ble_conn_state.o(sdh_ble_observers0)
    __tagsym$$used                           0x00028840   Number         0  ble_conn_state.o(sdh_ble_observers0)
    m_ble_evt_observer                       0x00028840   Data           8  ble_conn_state.o(sdh_ble_observers0)
    sdh_ble_observers1                       0x00028848   Section       16  main.o(sdh_ble_observers1)
    __tagsym$$used                           0x00028848   Number         0  main.o(sdh_ble_observers1)
    m_gatt_obs                               0x00028848   Data           8  main.o(sdh_ble_observers1)
    __tagsym$$used                           0x00028850   Number         0  main.o(sdh_ble_observers1)
    m_db_disc_obs                            0x00028850   Data           8  main.o(sdh_ble_observers1)
    sdh_ble_observers1                       0x00028858   Section        8  bsp_btn_ble.o(sdh_ble_observers1)
    __tagsym$$used                           0x00028858   Number         0  bsp_btn_ble.o(sdh_ble_observers1)
    m_ble_observer                           0x00028858   Data           8  bsp_btn_ble.o(sdh_ble_observers1)
    sdh_ble_observers2                       0x00028860   Section      160  main.o(sdh_ble_observers2)
    __tagsym$$used                           0x00028860   Number         0  main.o(sdh_ble_observers2)
    m_ble_nus_c_obs                          0x00028860   Data         160  main.o(sdh_ble_observers2)
    sdh_ble_observers3                       0x00028900   Section        8  main.o(sdh_ble_observers3)
    __tagsym$$used                           0x00028900   Number         0  main.o(sdh_ble_observers3)
    m_ble_observer                           0x00028900   Data           8  main.o(sdh_ble_observers3)
    sdh_req_observers0                       0x00028908   Section        8  nrf_fstorage_sd.o(sdh_req_observers0)
    __tagsym$$used                           0x00028908   Number         0  nrf_fstorage_sd.o(sdh_req_observers0)
    sdh_soc_observers0                       0x00028910   Section        8  nrf_drv_clock.o(sdh_soc_observers0)
    __tagsym$$used                           0x00028910   Number         0  nrf_drv_clock.o(sdh_soc_observers0)
    m_soc_evt_observer                       0x00028910   Data           8  nrf_drv_clock.o(sdh_soc_observers0)
    sdh_soc_observers0                       0x00028918   Section        8  nrf_fstorage_sd.o(sdh_soc_observers0)
    __tagsym$$used                           0x00028918   Number         0  nrf_fstorage_sd.o(sdh_soc_observers0)
    m_sys_obs                                0x00028918   Data           8  nrf_fstorage_sd.o(sdh_soc_observers0)
    sdh_stack_observers0                     0x00028920   Section        8  nrf_sdh_ble.o(sdh_stack_observers0)
    __tagsym$$used                           0x00028920   Number         0  nrf_sdh_ble.o(sdh_stack_observers0)
    m_nrf_sdh_ble_evts_poll                  0x00028920   Data           8  nrf_sdh_ble.o(sdh_stack_observers0)
    sdh_stack_observers0                     0x00028928   Section        8  nrf_sdh_soc.o(sdh_stack_observers0)
    __tagsym$$used                           0x00028928   Number         0  nrf_sdh_soc.o(sdh_stack_observers0)
    m_nrf_sdh_soc_evts_poll                  0x00028928   Data           8  nrf_sdh_soc.o(sdh_stack_observers0)
    sdh_state_observers0                     0x00028930   Section        8  nrf_drv_clock.o(sdh_state_observers0)
    __tagsym$$used                           0x00028930   Number         0  nrf_drv_clock.o(sdh_state_observers0)
    m_sd_state_observer                      0x00028930   Data           8  nrf_drv_clock.o(sdh_state_observers0)
    sdh_state_observers0                     0x00028938   Section        8  nrf_fstorage_sd.o(sdh_state_observers0)
    __tagsym$$used                           0x00028938   Number         0  nrf_fstorage_sd.o(sdh_state_observers0)
    m_state_obs                              0x00028938   Data           8  nrf_fstorage_sd.o(sdh_state_observers0)
    .data                                    0x20007d28   Section      728  main.o(.data)
    m_db_disc                                0x20007d28   Data         716  main.o(.data)
    m_ble_nus_max_data_len                   0x20007ff4   Data           2  main.o(.data)
    index                                    0x20007ff6   Data           2  main.o(.data)
    buttons                                  0x20007ff8   Data           8  main.o(.data)
    .data                                    0x20008000   Section       21  bsp.o(.data)
    m_stable_state                           0x20008000   Data           1  bsp.o(.data)
    m_leds_clear                             0x20008001   Data           1  bsp.o(.data)
    m_indication_type                        0x20008004   Data           4  bsp.o(.data)
    m_alert_on                               0x20008008   Data           1  bsp.o(.data)
    m_registered_callback                    0x2000800c   Data           4  bsp.o(.data)
    current_long_push_pin_no                 0x20008010   Data           1  bsp.o(.data)
    release_event_at_push                    0x20008011   Data           4  bsp.o(.data)
    .data                                    0x20008018   Section        8  bsp_btn_ble.o(.data)
    m_error_handler                          0x20008018   Data           4  bsp_btn_ble.o(.data)
    m_num_connections                        0x2000801c   Data           4  bsp_btn_ble.o(.data)
    .data                                    0x20008020   Section       13  ble_db_discovery.o(.data)
    m_evt_handler                            0x20008020   Data           4  ble_db_discovery.o(.data)
    m_pending_usr_evt_index                  0x20008024   Data           4  ble_db_discovery.o(.data)
    m_num_of_handlers_reg                    0x20008028   Data           4  ble_db_discovery.o(.data)
    m_initialized                            0x2000802c   Data           1  ble_db_discovery.o(.data)
    .data                                    0x20008030   Section       20  app_button.o(.data)
    mp_buttons                               0x20008030   Data           4  app_button.o(.data)
    m_button_count                           0x20008034   Data           1  app_button.o(.data)
    m_detection_delay                        0x20008038   Data           4  app_button.o(.data)
    m_pin_state                              0x2000803c   Data           4  app_button.o(.data)
    m_pin_transition                         0x20008040   Data           4  app_button.o(.data)
    .data                                    0x20008044   Section       20  app_timer.o(.data)
    mp_timer_id_head                         0x20008044   Data           4  app_timer.o(.data)
    m_ticks_latest                           0x20008048   Data           4  app_timer.o(.data)
    m_ticks_elapsed                          0x2000804c   Data           8  app_timer.o(.data)
    m_ticks_elapsed_q_read_ind               0x20008054   Data           1  app_timer.o(.data)
    m_ticks_elapsed_q_write_ind              0x20008055   Data           1  app_timer.o(.data)
    m_rtc1_running                           0x20008056   Data           1  app_timer.o(.data)
    m_rtc1_reset                             0x20008057   Data           1  app_timer.o(.data)
    .data                                    0x20008058   Section        8  nrf_fstorage_sd.o(.data)
    m_p_cur_op                               0x20008058   Data           4  nrf_fstorage_sd.o(.data)
    m_iget_ctx                               0x2000805c   Data           4  nrf_fstorage_sd.o(.data)
    .data                                    0x20008060   Section       15  app_uart_fifo.o(.data)
    app_uart_inst                            0x20008060   Data           8  app_uart_fifo.o(.data)
    m_event_handler                          0x20008068   Data           4  app_uart_fifo.o(.data)
    tx_buffer                                0x2000806c   Data           1  app_uart_fifo.o(.data)
    rx_buffer                                0x2000806d   Data           1  app_uart_fifo.o(.data)
    m_rx_ovf                                 0x2000806e   Data           1  app_uart_fifo.o(.data)
    .data                                    0x2000806f   Section        3  nrf_sdh.o(.data)
    m_nrf_sdh_enabled                        0x2000806f   Data           1  nrf_sdh.o(.data)
    m_nrf_sdh_suspended                      0x20008070   Data           1  nrf_sdh.o(.data)
    m_nrf_sdh_continue                       0x20008071   Data           1  nrf_sdh.o(.data)
    .data                                    0x20008074   Section        4  system_nrf52.o(.data)
    __tagsym$$used                           0x20008074   Number         0  system_nrf52.o(.data)
    .bss                                     0x20008078   Section     1024  main.o(.bss)
    m_gatt                                   0x20008078   Data         172  main.o(.bss)
    m_ble_nus_c                              0x20008124   Data         320  main.o(.bss)
    data_array                               0x20008264   Data          20  main.o(.bss)
    rx_buf                                   0x20008278   Data         256  main.o(.bss)
    tx_buf                                   0x20008378   Data         256  main.o(.bss)
    .bss                                     0x20008478   Section      108  bsp.o(.bss)
    m_leds_timer_id_data                     0x20008478   Data          32  bsp.o(.bss)
    m_alert_timer_id_data                    0x20008498   Data          32  bsp.o(.bss)
    m_events_list                            0x200084b8   Data          12  bsp.o(.bss)
    m_button_timer_id_data                   0x200084c4   Data          32  bsp.o(.bss)
    .bss                                     0x200084e4   Section      184  ble_conn_state.o(.bss)
    m_bcs                                    0x200084e4   Data         184  ble_conn_state.o(.bss)
    .bss                                     0x2000859c   Section      792  ble_db_discovery.o(.bss)
    m_registered_handlers                    0x2000859c   Data          24  ble_db_discovery.o(.bss)
    m_pending_user_evts                      0x200085b4   Data         768  ble_db_discovery.o(.bss)
    .bss                                     0x200088b4   Section       20  nrf_drv_clock.o(.bss)
    m_clock_cb                               0x200088b4   Data          20  nrf_drv_clock.o(.bss)
    .bss                                     0x200088c8   Section       88  nrf_drv_gpiote.o(.bss)
    m_cb                                     0x200088c8   Data          88  nrf_drv_gpiote.o(.bss)
    .bss                                     0x20008920   Section       32  nrf_drv_uart.o(.bss)
    m_cb                                     0x20008920   Data          32  nrf_drv_uart.o(.bss)
    .bss                                     0x20008940   Section       32  app_button.o(.bss)
    m_detection_delay_timer_id_data          0x20008940   Data          32  app_button.o(.bss)
    .bss                                     0x20008960   Section      268  app_timer.o(.bss)
    m_op_queue                               0x20008960   Data         268  app_timer.o(.bss)
    .bss                                     0x20008a6c   Section       12  app_util_platform.o(.bss)
    .bss                                     0x20008a78   Section      176  nrf_fstorage_sd.o(.bss)
    m_fifo_data                              0x20008a78   Data         140  nrf_fstorage_sd.o(.bss)
    m_fifo_inst                              0x20008b04   Data          16  nrf_fstorage_sd.o(.bss)
    m_flags                                  0x20008b14   Data          20  nrf_fstorage_sd.o(.bss)
    .bss                                     0x20008b28   Section       32  app_uart_fifo.o(.bss)
    m_rx_fifo                                0x20008b28   Data          16  app_uart_fifo.o(.bss)
    m_tx_fifo                                0x20008b38   Data          16  app_uart_fifo.o(.bss)
    STACK                                    0x20008b48   Section     8192  arm_startup_nrf52.o(STACK)

    Global Symbols

    Symbol Name                              Value     Ov Type        Size  Object(Section)

    BuildAttributes$$THM_ISAv4$E$P$D$K$B$S$7EM$VFPi3$EXTD16$VFPS$VFMA$PE$A:L22UL41UL21$X:L11$S22US41US21$IEEE1$IW$USESV6$~STKCKD$USESV7$~SHL$OSPACE$EBA8$MICROLIB$REQ8$PRES8$EABIv2 0x00000000   Number         0  anon$$obj.o ABSOLUTE
    __ARM_use_no_argv                        0x00000000   Number         0  main.o ABSOLUTE
    __cpp_initialize__aeabi_                  - Undefined Weak Reference
    __cxa_finalize                            - Undefined Weak Reference
    _clock_init                               - Undefined Weak Reference
    _microlib_exit                            - Undefined Weak Reference
    fs_data$$Base                             - Undefined Reference
    fs_data$$Limit                            - Undefined Reference
    sdh_req_observers1$$Base                  - Undefined Reference
    sdh_req_observers1$$Limit                 - Undefined Reference
    sdh_soc_observers1$$Base                  - Undefined Reference
    sdh_soc_observers1$$Limit                 - Undefined Reference
    sdh_stack_observers1$$Base                - Undefined Reference
    sdh_stack_observers1$$Limit               - Undefined Reference
    sdh_state_observers1$$Base                - Undefined Reference
    sdh_state_observers1$$Limit               - Undefined Reference
    __Vectors_Size                           0x00000200   Number         0  arm_startup_nrf52.o ABSOLUTE
    __Vectors                                0x00023000   Data           4  arm_startup_nrf52.o(RESET)
    __Vectors_End                            0x00023200   Data           0  arm_startup_nrf52.o(RESET)
    __main                                   0x00023201   Thumb Code     0  entry.o(.ARM.Collect$$$$00000000)
    _main_stk                                0x00023201   Thumb Code     0  entry2.o(.ARM.Collect$$$$00000001)
    _main_scatterload                        0x00023205   Thumb Code     0  entry5.o(.ARM.Collect$$$$00000004)
    __main_after_scatterload                 0x00023209   Thumb Code     0  entry5.o(.ARM.Collect$$$$00000004)
    _main_clock                              0x00023209   Thumb Code     0  entry7b.o(.ARM.Collect$$$$00000008)
    _main_cpp_init                           0x00023209   Thumb Code     0  entry8b.o(.ARM.Collect$$$$0000000A)
    _main_init                               0x00023209   Thumb Code     0  entry9a.o(.ARM.Collect$$$$0000000B)
    __rt_final_cpp                           0x00023211   Thumb Code     0  entry10a.o(.ARM.Collect$$$$0000000D)
    __rt_final_exit                          0x00023211   Thumb Code     0  entry11a.o(.ARM.Collect$$$$0000000F)
    __asm___12_nrf_atfifo_c_51f461e1__nrf_atfifo_wspace_req 0x00023215   Thumb Code    56  nrf_atfifo.o(.emb_text)
    __asm___12_nrf_atfifo_c_51f461e1__nrf_atfifo_wspace_close 0x0002324d   Thumb Code    18  nrf_atfifo.o(.emb_text)
    __asm___12_nrf_atfifo_c_51f461e1__nrf_atfifo_rspace_req 0x0002325f   Thumb Code    58  nrf_atfifo.o(.emb_text)
    __asm___12_nrf_atfifo_c_51f461e1__nrf_atfifo_rspace_close 0x00023299   Thumb Code    18  nrf_atfifo.o(.emb_text)
    __asm___12_nrf_atfifo_c_51f461e1__nrf_atfifo_space_clear 0x000232ab   Thumb Code    50  nrf_atfifo.o(.emb_text)
    __asm___17_nrf_fstorage_sd_c_6e7dbfe9__nrf_atomic_internal_mov 0x000232dd   Thumb Code    24  nrf_fstorage_sd.o(.emb_text)
    __asm___17_nrf_fstorage_sd_c_6e7dbfe9__nrf_atomic_internal_orr 0x000232f5   Thumb Code    26  nrf_fstorage_sd.o(.emb_text)
    __asm___17_nrf_fstorage_sd_c_6e7dbfe9__nrf_atomic_internal_and 0x0002330f   Thumb Code    26  nrf_fstorage_sd.o(.emb_text)
    __asm___17_nrf_fstorage_sd_c_6e7dbfe9__nrf_atomic_internal_eor 0x00023329   Thumb Code    26  nrf_fstorage_sd.o(.emb_text)
    __asm___17_nrf_fstorage_sd_c_6e7dbfe9__nrf_atomic_internal_add 0x00023343   Thumb Code    26  nrf_fstorage_sd.o(.emb_text)
    __asm___17_nrf_fstorage_sd_c_6e7dbfe9__nrf_atomic_internal_sub 0x0002335d   Thumb Code    26  nrf_fstorage_sd.o(.emb_text)
    Reset_Handler                            0x00023379   Thumb Code     8  arm_startup_nrf52.o(.text)
    NMI_Handler                              0x00023381   Thumb Code     2  arm_startup_nrf52.o(.text)
    HardFault_Handler                        0x00023383   Thumb Code     2  arm_startup_nrf52.o(.text)
    MemoryManagement_Handler                 0x00023385   Thumb Code     2  arm_startup_nrf52.o(.text)
    BusFault_Handler                         0x00023387   Thumb Code     2  arm_startup_nrf52.o(.text)
    UsageFault_Handler                       0x00023389   Thumb Code     2  arm_startup_nrf52.o(.text)
    SVC_Handler                              0x0002338b   Thumb Code     2  arm_startup_nrf52.o(.text)
    DebugMon_Handler                         0x0002338d   Thumb Code     2  arm_startup_nrf52.o(.text)
    PendSV_Handler                           0x0002338f   Thumb Code     2  arm_startup_nrf52.o(.text)
    SysTick_Handler                          0x00023391   Thumb Code     2  arm_startup_nrf52.o(.text)
    CCM_AAR_IRQHandler                       0x00023393   Thumb Code     0  arm_startup_nrf52.o(.text)
    COMP_LPCOMP_IRQHandler                   0x00023393   Thumb Code     0  arm_startup_nrf52.o(.text)
    ECB_IRQHandler                           0x00023393   Thumb Code     0  arm_startup_nrf52.o(.text)
    FPU_IRQHandler                           0x00023393   Thumb Code     0  arm_startup_nrf52.o(.text)
    I2S_IRQHandler                           0x00023393   Thumb Code     0  arm_startup_nrf52.o(.text)
    MWU_IRQHandler                           0x00023393   Thumb Code     0  arm_startup_nrf52.o(.text)
    NFCT_IRQHandler                          0x00023393   Thumb Code     0  arm_startup_nrf52.o(.text)
    PDM_IRQHandler                           0x00023393   Thumb Code     0  arm_startup_nrf52.o(.text)
    PWM0_IRQHandler                          0x00023393   Thumb Code     0  arm_startup_nrf52.o(.text)
    PWM1_IRQHandler                          0x00023393   Thumb Code     0  arm_startup_nrf52.o(.text)
    PWM2_IRQHandler                          0x00023393   Thumb Code     0  arm_startup_nrf52.o(.text)
    QDEC_IRQHandler                          0x00023393   Thumb Code     0  arm_startup_nrf52.o(.text)
    RADIO_IRQHandler                         0x00023393   Thumb Code     0  arm_startup_nrf52.o(.text)
    RNG_IRQHandler                           0x00023393   Thumb Code     0  arm_startup_nrf52.o(.text)
    RTC0_IRQHandler                          0x00023393   Thumb Code     0  arm_startup_nrf52.o(.text)
    RTC2_IRQHandler                          0x00023393   Thumb Code     0  arm_startup_nrf52.o(.text)
    SAADC_IRQHandler                         0x00023393   Thumb Code     0  arm_startup_nrf52.o(.text)
    SPIM0_SPIS0_TWIM0_TWIS0_SPI0_TWI0_IRQHandler 0x00023393   Thumb Code     0  arm_startup_nrf52.o(.text)
    SPIM1_SPIS1_TWIM1_TWIS1_SPI1_TWI1_IRQHandler 0x00023393   Thumb Code     0  arm_startup_nrf52.o(.text)
    SPIM2_SPIS2_SPI2_IRQHandler              0x00023393   Thumb Code     0  arm_startup_nrf52.o(.text)
    SWI1_EGU1_IRQHandler                     0x00023393   Thumb Code     0  arm_startup_nrf52.o(.text)
    SWI3_EGU3_IRQHandler                     0x00023393   Thumb Code     0  arm_startup_nrf52.o(.text)
    SWI4_EGU4_IRQHandler                     0x00023393   Thumb Code     0  arm_startup_nrf52.o(.text)
    SWI5_EGU5_IRQHandler                     0x00023393   Thumb Code     0  arm_startup_nrf52.o(.text)
    TEMP_IRQHandler                          0x00023393   Thumb Code     0  arm_startup_nrf52.o(.text)
    TIMER0_IRQHandler                        0x00023393   Thumb Code     0  arm_startup_nrf52.o(.text)
    TIMER1_IRQHandler                        0x00023393   Thumb Code     0  arm_startup_nrf52.o(.text)
    TIMER2_IRQHandler                        0x00023393   Thumb Code     0  arm_startup_nrf52.o(.text)
    TIMER3_IRQHandler                        0x00023393   Thumb Code     0  arm_startup_nrf52.o(.text)
    TIMER4_IRQHandler                        0x00023393   Thumb Code     0  arm_startup_nrf52.o(.text)
    WDT_IRQHandler                           0x00023393   Thumb Code     0  arm_startup_nrf52.o(.text)
    __aeabi_uldivmod                         0x0002339d   Thumb Code    98  uldiv.o(.text)
    __aeabi_memcpy                           0x000233ff   Thumb Code    36  memcpya.o(.text)
    __aeabi_memcpy4                          0x000233ff   Thumb Code     0  memcpya.o(.text)
    __aeabi_memcpy8                          0x000233ff   Thumb Code     0  memcpya.o(.text)
    __aeabi_memset                           0x00023423   Thumb Code    14  memseta.o(.text)
    __aeabi_memset4                          0x00023423   Thumb Code     0  memseta.o(.text)
    __aeabi_memset8                          0x00023423   Thumb Code     0  memseta.o(.text)
    __aeabi_memclr                           0x00023431   Thumb Code     4  memseta.o(.text)
    __aeabi_memclr4                          0x00023431   Thumb Code     0  memseta.o(.text)
    __aeabi_memclr8                          0x00023431   Thumb Code     0  memseta.o(.text)
    _memset$wrapper                          0x00023435   Thumb Code    18  memseta.o(.text)
    strlen                                   0x00023447   Thumb Code    14  strlen.o(.text)
    memcmp                                   0x00023455   Thumb Code    26  memcmp.o(.text)
    __aeabi_llsl                             0x0002346f   Thumb Code    30  llshl.o(.text)
    _ll_shift_l                              0x0002346f   Thumb Code     0  llshl.o(.text)
    __aeabi_llsr                             0x0002348d   Thumb Code    32  llushr.o(.text)
    _ll_ushift_r                             0x0002348d   Thumb Code     0  llushr.o(.text)
    __scatterload                            0x000234ad   Thumb Code    28  init.o(.text)
    __scatterload_rt2                        0x000234ad   Thumb Code     0  init.o(.text)
    __decompress                             0x000234d1   Thumb Code     0  __dczerorl.o(.text)
    __decompress0                            0x000234d1   Thumb Code    58  __dczerorl.o(.text)
    GPIOTE_IRQHandler                        0x0002350d   Thumb Code   554  nrf_drv_gpiote.o(i.GPIOTE_IRQHandler)
    POWER_CLOCK_IRQHandler                   0x000237b5   Thumb Code    74  nrf_drv_clock.o(i.POWER_CLOCK_IRQHandler)
    RTC1_IRQHandler                          0x00023805   Thumb Code    44  app_timer.o(i.RTC1_IRQHandler)
    SWI0_EGU0_IRQHandler                     0x00023839   Thumb Code     8  app_timer.o(i.SWI0_EGU0_IRQHandler)
    SWI2_EGU2_IRQHandler                     0x00023841   Thumb Code     8  nrf_sdh.o(i.SWI2_EGU2_IRQHandler)
    SystemCoreClockUpdate                    0x00023849   Thumb Code     8  system_nrf52.o(i.SystemCoreClockUpdate)
    SystemInit                               0x00023859   Thumb Code   596  system_nrf52.o(i.SystemInit)
    UARTE0_UART0_IRQHandler                  0x00023af1   Thumb Code    28  nrf_drv_uart.o(i.UARTE0_UART0_IRQHandler)
    __scatterload_copy                       0x00023b15   Thumb Code    14  handlers.o(i.__scatterload_copy)
    __scatterload_null                       0x00023b23   Thumb Code     2  handlers.o(i.__scatterload_null)
    __scatterload_zeroinit                   0x00023b25   Thumb Code    14  handlers.o(i.__scatterload_zeroinit)
    app_button_disable                       0x00023c1d   Thumb Code    38  app_button.o(i.app_button_disable)
    app_button_init                          0x00023c51   Thumb Code   132  app_button.o(i.app_button_init)
    app_error_fault_handler                  0x00023cf9   Thumb Code    80  app_error_weak.o(i.app_error_fault_handler)
    app_error_handler_bare                   0x00023d51   Thumb Code    28  app_error.o(i.app_error_handler_bare)
    app_fifo_get                             0x00023d6d   Thumb Code    30  app_fifo.o(i.app_fifo_get)
    app_fifo_init                            0x00023d8b   Thumb Code    36  app_fifo.o(i.app_fifo_init)
    app_fifo_put                             0x00023daf   Thumb Code    34  app_fifo.o(i.app_fifo_put)
    app_timer_create                         0x00023dd1   Thumb Code    56  app_timer.o(i.app_timer_create)
    app_timer_init                           0x00023e0d   Thumb Code    70  app_timer.o(i.app_timer_init)
    app_timer_start                          0x00023e69   Thumb Code    78  app_timer.o(i.app_timer_start)
    app_timer_stop                           0x00023ebd   Thumb Code    44  app_timer.o(i.app_timer_stop)
    app_uart_get                             0x00023eed   Thumb Code    66  app_uart_fifo.o(i.app_uart_get)
    app_uart_init                            0x00023f41   Thumb Code   200  app_uart_fifo.o(i.app_uart_init)
    app_uart_put                             0x00024029   Thumb Code    50  app_uart_fifo.o(i.app_uart_put)
    app_util_critical_region_enter           0x00024069   Thumb Code    12  app_util_platform.o(i.app_util_critical_region_enter)
    app_util_critical_region_exit            0x00024075   Thumb Code    62  app_util_platform.o(i.app_util_critical_region_exit)
    bcs_internal_state_reset                 0x000241a1   Thumb Code    12  ble_conn_state.o(i.bcs_internal_state_reset)
    ble_conn_state_init                      0x000241b1   Thumb Code     8  ble_conn_state.o(i.ble_conn_state_init)
    ble_conn_state_n_centrals                0x000241b9   Thumb Code    20  ble_conn_state.o(i.ble_conn_state_n_centrals)
    ble_db_discovery_evt_register            0x000241d1   Thumb Code    42  ble_db_discovery.o(i.ble_db_discovery_evt_register)
    ble_db_discovery_init                    0x00024205   Thumb Code    40  ble_db_discovery.o(i.ble_db_discovery_init)
    ble_db_discovery_on_ble_evt              0x0002423d   Thumb Code   144  ble_db_discovery.o(i.ble_db_discovery_on_ble_evt)
    ble_db_discovery_start                   0x000242d1   Thumb Code    62  ble_db_discovery.o(i.ble_db_discovery_start)
    ble_nus_c_handles_assign                 0x00024615   Thumb Code    34  ble_nus_c.o(i.ble_nus_c_handles_assign)
    ble_nus_c_init                           0x00024639   Thumb Code    94  ble_nus_c.o(i.ble_nus_c_init)
    ble_nus_c_on_ble_evt                     0x0002469d   Thumb Code   102  ble_nus_c.o(i.ble_nus_c_on_ble_evt)
    ble_nus_c_on_db_disc_evt                 0x00024703   Thumb Code   148  ble_nus_c.o(i.ble_nus_c_on_db_disc_evt)
    ble_nus_c_string_send                    0x00024799   Thumb Code    68  ble_nus_c.o(i.ble_nus_c_string_send)
    ble_nus_c_tx_notif_enable                0x000247e1   Thumb Code    44  ble_nus_c.o(i.ble_nus_c_tx_notif_enable)
    bsp_board_led_invert                     0x000248bd   Thumb Code    44  boards.o(i.bsp_board_led_invert)
    bsp_board_led_off                        0x000248ed   Thumb Code    16  boards.o(i.bsp_board_led_off)
    bsp_board_led_on                         0x00024901   Thumb Code    16  boards.o(i.bsp_board_led_on)
    bsp_board_led_state_get                  0x00024915   Thumb Code    44  boards.o(i.bsp_board_led_state_get)
    bsp_board_leds_init                      0x00024945   Thumb Code    42  boards.o(i.bsp_board_leds_init)
    bsp_board_leds_off                       0x00024975   Thumb Code    20  boards.o(i.bsp_board_leds_off)
    bsp_board_leds_on                        0x00024989   Thumb Code    20  boards.o(i.bsp_board_leds_on)
    bsp_board_pin_to_button_idx              0x0002499d   Thumb Code    32  boards.o(i.bsp_board_pin_to_button_idx)
    bsp_event_to_button_action_assign        0x00024a85   Thumb Code    86  bsp.o(i.bsp_event_to_button_action_assign)
    bsp_indication_set                       0x00024ae1   Thumb Code    28  bsp.o(i.bsp_indication_set)
    main                                     0x00025cb1   Thumb Code    58  main.o(i.main)
    nrf_atfifo_clear                         0x00025ceb   Thumb Code    22  nrf_atfifo.o(i.nrf_atfifo_clear)
    nrf_atfifo_init                          0x00025d01   Thumb Code    40  nrf_atfifo.o(i.nrf_atfifo_init)
    nrf_atfifo_item_alloc                    0x00025d29   Thumb Code    28  nrf_atfifo.o(i.nrf_atfifo_item_alloc)
    nrf_atfifo_item_free                     0x00025d45   Thumb Code    28  nrf_atfifo.o(i.nrf_atfifo_item_free)
    nrf_atfifo_item_get                      0x00025d61   Thumb Code    28  nrf_atfifo.o(i.nrf_atfifo_item_get)
    nrf_atfifo_item_put                      0x00025d7d   Thumb Code    28  nrf_atfifo.o(i.nrf_atfifo_item_put)
    nrf_ble_gatt_init                        0x00025daf   Thumb Code    54  nrf_ble_gatt.o(i.nrf_ble_gatt_init)
    nrf_ble_gatt_on_ble_evt                  0x00025de5   Thumb Code   174  nrf_ble_gatt.o(i.nrf_ble_gatt_on_ble_evt)
    nrf_drv_clock_init                       0x00025f79   Thumb Code    94  nrf_drv_clock.o(i.nrf_drv_clock_init)
    nrf_drv_clock_lfclk_release              0x00025fe1   Thumb Code    42  nrf_drv_clock.o(i.nrf_drv_clock_lfclk_release)
    nrf_drv_common_irq_enable                0x00026011   Thumb Code    84  nrf_drv_common.o(i.nrf_drv_common_irq_enable)
    nrf_drv_gpiote_in_event_disable          0x0002607d   Thumb Code    74  nrf_drv_gpiote.o(i.nrf_drv_gpiote_in_event_disable)
    nrf_drv_gpiote_in_init                   0x000260d1   Thumb Code   206  nrf_drv_gpiote.o(i.nrf_drv_gpiote_in_init)
    nrf_drv_gpiote_in_is_set                 0x000261ad   Thumb Code    20  nrf_drv_gpiote.o(i.nrf_drv_gpiote_in_is_set)
    nrf_drv_gpiote_init                      0x000261c1   Thumb Code    90  nrf_drv_gpiote.o(i.nrf_drv_gpiote_init)
    nrf_drv_gpiote_is_init                   0x00026221   Thumb Code    16  nrf_drv_gpiote.o(i.nrf_drv_gpiote_is_init)
    nrf_drv_uart_init                        0x00026249   Thumb Code   126  nrf_drv_uart.o(i.nrf_drv_uart_init)
    nrf_drv_uart_rx                          0x000262cd   Thumb Code   208  nrf_drv_uart.o(i.nrf_drv_uart_rx)
    nrf_drv_uart_rx_enable                   0x000263a1   Thumb Code    46  nrf_drv_uart.o(i.nrf_drv_uart_rx_enable)
    nrf_drv_uart_tx                          0x00026569   Thumb Code    96  nrf_drv_uart.o(i.nrf_drv_uart_tx)
    nrf_drv_uart_tx_in_progress              0x000266d5   Thumb Code    22  nrf_drv_uart.o(i.nrf_drv_uart_tx_in_progress)
    nrf_fstorage_sdh_req_handler             0x000266f1   Thumb Code    22  nrf_fstorage_sd.o(i.nrf_fstorage_sdh_req_handler)
    nrf_fstorage_sdh_state_handler           0x0002670d   Thumb Code    40  nrf_fstorage_sd.o(i.nrf_fstorage_sdh_state_handler)
    nrf_fstorage_sys_evt_handler             0x00026739   Thumb Code   116  nrf_fstorage_sd.o(i.nrf_fstorage_sys_evt_handler)
    nrf_sdh_ble_app_ram_start_get            0x0002696d   Thumb Code    18  nrf_sdh_ble.o(i.nrf_sdh_ble_app_ram_start_get)
    nrf_sdh_ble_default_cfg_set              0x00026985   Thumb Code   160  nrf_sdh_ble.o(i.nrf_sdh_ble_default_cfg_set)
    nrf_sdh_ble_enable                       0x00026a25   Thumb Code    16  nrf_sdh_ble.o(i.nrf_sdh_ble_enable)
    nrf_sdh_disable_request                  0x00026a95   Thumb Code    70  nrf_sdh.o(i.nrf_sdh_disable_request)
    nrf_sdh_enable_request                   0x00026ae5   Thumb Code    92  nrf_sdh.o(i.nrf_sdh_enable_request)
    nrf_sdh_evts_poll                        0x00026b55   Thumb Code    44  nrf_sdh.o(i.nrf_sdh_evts_poll)
    nrf_sdh_is_enabled                       0x00026b85   Thumb Code     6  nrf_sdh.o(i.nrf_sdh_is_enabled)
    nrf_sdh_request_continue                 0x00026b91   Thumb Code    30  nrf_sdh.o(i.nrf_sdh_request_continue)
    nrf_section_iter_init                    0x00026c13   Thumb Code    20  nrf_section_iter.o(i.nrf_section_iter_init)
    nrf_section_iter_next                    0x00026c55   Thumb Code    46  nrf_section_iter.o(i.nrf_section_iter_next)
    sdk_mapped_flags_bulk_update_by_key      0x00027b4d   Thumb Code   124  sdk_mapped_flags.o(i.sdk_mapped_flags_bulk_update_by_key)
    sdk_mapped_flags_first_key_index_get     0x00027bc9   Thumb Code    36  sdk_mapped_flags.o(i.sdk_mapped_flags_first_key_index_get)
    sdk_mapped_flags_key_list_get            0x00027bff   Thumb Code    66  sdk_mapped_flags.o(i.sdk_mapped_flags_key_list_get)
    sdk_mapped_flags_n_flags_set             0x00027c41   Thumb Code    32  sdk_mapped_flags.o(i.sdk_mapped_flags_n_flags_set)
    sdk_mapped_flags_update_by_key           0x00027c61   Thumb Code    26  sdk_mapped_flags.o(i.sdk_mapped_flags_update_by_key)
    uart_event_handle                        0x0002805d   Thumb Code   174  main.o(i.uart_event_handle)
    nrf_fstorage_sd                          0x0002873c   Data          32  nrf_fstorage_sd.o(.constdata)
    m_ram_start                              0x00028800   Data           4  nrf_sdh_ble.o(.constdata)
    Region$$Table$$Base                      0x00028820   Number         0  anon$$obj.o(Region$$Table)
    Region$$Table$$Limit                     0x00028840   Number         0  anon$$obj.o(Region$$Table)
    sdh_ble_observers0$$Base                 0x00028840   Number         0  ble_conn_state.o(sdh_ble_observers0)
    sdh_ble_observers0$$Limit                0x00028848   Number         0  ble_conn_state.o(sdh_ble_observers0)
    sdh_ble_observers1$$Base                 0x00028848   Number         0  main.o(sdh_ble_observers1)
    sdh_ble_observers1$$Limit                0x00028860   Number         0  bsp_btn_ble.o(sdh_ble_observers1)
    sdh_ble_observers2$$Base                 0x00028860   Number         0  main.o(sdh_ble_observers2)
    sdh_ble_observers2$$Limit                0x00028900   Number         0  main.o(sdh_ble_observers2)
    sdh_ble_observers3$$Base                 0x00028900   Number         0  main.o(sdh_ble_observers3)
    m_req_obs                                0x00028908   Data           8  nrf_fstorage_sd.o(sdh_req_observers0)
    sdh_ble_observers3$$Limit                0x00028908   Number         0  main.o(sdh_ble_observers3)
    sdh_req_observers0$$Base                 0x00028908   Number         0  nrf_fstorage_sd.o(sdh_req_observers0)
    sdh_req_observers0$$Limit                0x00028910   Number         0  nrf_fstorage_sd.o(sdh_req_observers0)
    sdh_soc_observers0$$Base                 0x00028910   Number         0  nrf_drv_clock.o(sdh_soc_observers0)
    sdh_soc_observers0$$Limit                0x00028920   Number         0  nrf_fstorage_sd.o(sdh_soc_observers0)
    sdh_stack_observers0$$Base               0x00028920   Number         0  nrf_sdh_ble.o(sdh_stack_observers0)
    sdh_stack_observers0$$Limit              0x00028930   Number         0  nrf_sdh_soc.o(sdh_stack_observers0)
    sdh_state_observers0$$Base               0x00028930   Number         0  nrf_drv_clock.o(sdh_state_observers0)
    sdh_state_observers0$$Limit              0x00028940   Number         0  nrf_fstorage_sd.o(sdh_state_observers0)
    Image$$RW_IRAM1$$Base                    0x20007d28   Number         0  anon$$obj.o ABSOLUTE
    SystemCoreClock                          0x20008074   Data           4  system_nrf52.o(.data)
    nrf_nvic_state                           0x20008a6c   Data          12  app_util_platform.o(.bss)
    __initial_sp                             0x2000ab48   Data           0  arm_startup_nrf52.o(STACK)



==============================================================================

Memory Map of the image

  Image Entry point : 0x00023201

  Load Region LR_IROM1 (Base: 0x00023000, Size: 0x00005c90, Max: 0x0005d000, ABSOLUTE, COMPRESSED[0x0000595c])

    Execution Region ER_IROM1 (Base: 0x00023000, Size: 0x00005940, Max: 0x0005d000, ABSOLUTE)

    Base Addr    Size         Type   Attr      Idx    E Section Name        Object

    0x00023000   0x00000200   Data   RO         4439    RESET               arm_startup_nrf52.o
    0x00023200   0x00000000   Code   RO         4535  * .ARM.Collect$$$$00000000  mc_w.l(entry.o)
    0x00023200   0x00000004   Code   RO         4559    .ARM.Collect$$$$00000001  mc_w.l(entry2.o)
    0x00023204   0x00000004   Code   RO         4562    .ARM.Collect$$$$00000004  mc_w.l(entry5.o)
    0x00023208   0x00000000   Code   RO         4564    .ARM.Collect$$$$00000008  mc_w.l(entry7b.o)
    0x00023208   0x00000000   Code   RO         4566    .ARM.Collect$$$$0000000A  mc_w.l(entry8b.o)
    0x00023208   0x00000008   Code   RO         4567    .ARM.Collect$$$$0000000B  mc_w.l(entry9a.o)
    0x00023210   0x00000000   Code   RO         4569    .ARM.Collect$$$$0000000D  mc_w.l(entry10a.o)
    0x00023210   0x00000000   Code   RO         4571    .ARM.Collect$$$$0000000F  mc_w.l(entry11a.o)
    0x00023210   0x00000004   Code   RO         4560    .ARM.Collect$$$$00002712  mc_w.l(entry2.o)
    0x00023214   0x000000c8   Code   RO         2952    .emb_text           nrf_atfifo.o
    0x000232dc   0x0000009a   Code   RO         3231    .emb_text           nrf_fstorage_sd.o
    0x00023376   0x00000002   PAD
    0x00023378   0x00000024   Code   RO         4440    .text               arm_startup_nrf52.o
    0x0002339c   0x00000062   Code   RO         4543    .text               mc_w.l(uldiv.o)
    0x000233fe   0x00000024   Code   RO         4545    .text               mc_w.l(memcpya.o)
    0x00023422   0x00000024   Code   RO         4547    .text               mc_w.l(memseta.o)
    0x00023446   0x0000000e   Code   RO         4549    .text               mc_w.l(strlen.o)
    0x00023454   0x0000001a   Code   RO         4553    .text               mc_w.l(memcmp.o)
    0x0002346e   0x0000001e   Code   RO         4574    .text               mc_w.l(llshl.o)
    0x0002348c   0x00000020   Code   RO         4576    .text               mc_w.l(llushr.o)
    0x000234ac   0x00000024   Code   RO         4579    .text               mc_w.l(init.o)
    0x000234d0   0x0000003a   Code   RO         4589    .text               mc_w.l(__dczerorl.o)
    0x0002350a   0x00000002   PAD
    0x0002350c   0x00000238   Code   RO         1805    i.GPIOTE_IRQHandler  nrf_drv_gpiote.o
    0x00023744   0x00000018   Code   RO         2605    i.NVIC_ClearPendingIRQ  app_timer.o
    0x0002375c   0x00000016   Code   RO         2606    i.NVIC_EnableIRQ    app_timer.o
    0x00023772   0x00000002   PAD
    0x00023774   0x00000018   Code   RO         2607    i.NVIC_SetPendingIRQ  app_timer.o
    0x0002378c   0x00000028   Code   RO         2608    i.NVIC_SetPriority  app_timer.o
    0x000237b4   0x00000050   Code   RO         1567    i.POWER_CLOCK_IRQHandler  nrf_drv_clock.o
    0x00023804   0x00000034   Code   RO         2609    i.RTC1_IRQHandler   app_timer.o
    0x00023838   0x00000008   Code   RO         2610    i.SWI0_EGU0_IRQHandler  app_timer.o
    0x00023840   0x00000008   Code   RO         4213    i.SWI2_EGU2_IRQHandler  nrf_sdh.o
    0x00023848   0x00000010   Code   RO         4447    i.SystemCoreClockUpdate  system_nrf52.o
    0x00023858   0x00000298   Code   RO         4448    i.SystemInit        system_nrf52.o
    0x00023af0   0x00000024   Code   RO         2099    i.UARTE0_UART0_IRQHandler  nrf_drv_uart.o
    0x00023b14   0x0000000e   Code   RO         4583    i.__scatterload_copy  mc_w.l(handlers.o)
    0x00023b22   0x00000002   Code   RO         4584    i.__scatterload_null  mc_w.l(handlers.o)
    0x00023b24   0x0000000e   Code   RO         4585    i.__scatterload_zeroinit  mc_w.l(handlers.o)
    0x00023b32   0x00000002   PAD
    0x00023b34   0x00000038   Code   RO         4214    i.__sd_nvic_app_accessible_irq  nrf_sdh.o
    0x00023b6c   0x0000000c   Code   RO         2829    i.__sd_nvic_irq_disable  app_util_platform.o
    0x00023b78   0x0000001c   Code   RO         4215    i.__sd_nvic_is_app_accessible_priority  nrf_sdh.o
    0x00023b94   0x00000034   Code   RO            4    i.adv_report_parse  main.o
    0x00023bc8   0x00000054   Code   RO          613    i.advertising_buttons_configure  bsp_btn_ble.o
    0x00023c1c   0x00000034   Code   RO         2410    i.app_button_disable  app_button.o
    0x00023c50   0x000000a8   Code   RO         2412    i.app_button_init   app_button.o
    0x00023cf8   0x00000058   Code   RO         2512    i.app_error_fault_handler  app_error_weak.o
    0x00023d50   0x0000001c   Code   RO         2473    i.app_error_handler_bare  app_error.o
    0x00023d6c   0x0000001e   Code   RO         3669    i.app_fifo_get      app_fifo.o
    0x00023d8a   0x00000024   Code   RO         3670    i.app_fifo_init     app_fifo.o
    0x00023dae   0x00000022   Code   RO         3672    i.app_fifo_put      app_fifo.o
    0x00023dd0   0x0000003c   Code   RO         2613    i.app_timer_create  app_timer.o
    0x00023e0c   0x0000005c   Code   RO         2614    i.app_timer_init    app_timer.o
    0x00023e68   0x00000054   Code   RO         2617    i.app_timer_start   app_timer.o
    0x00023ebc   0x00000030   Code   RO         2618    i.app_timer_stop    app_timer.o
    0x00023eec   0x00000054   Code   RO         3596    i.app_uart_get      app_uart_fifo.o
    0x00023f40   0x000000e8   Code   RO         3597    i.app_uart_init     app_uart_fifo.o
    0x00024028   0x00000040   Code   RO         3598    i.app_uart_put      app_uart_fifo.o
    0x00024068   0x0000000c   Code   RO         2830    i.app_util_critical_region_enter  app_util_platform.o
    0x00024074   0x00000048   Code   RO         2831    i.app_util_critical_region_exit  app_util_platform.o
    0x000240bc   0x000000e4   Code   RO         2100    i.apply_config      nrf_drv_uart.o
    0x000241a0   0x00000010   Code   RO          966    i.bcs_internal_state_reset  ble_conn_state.o
    0x000241b0   0x00000008   Code   RO          971    i.ble_conn_state_init  ble_conn_state.o
    0x000241b8   0x00000018   Code   RO          973    i.ble_conn_state_n_centrals  ble_conn_state.o
    0x000241d0   0x00000034   Code   RO         1144    i.ble_db_discovery_evt_register  ble_db_discovery.o
    0x00024204   0x00000038   Code   RO         1145    i.ble_db_discovery_init  ble_db_discovery.o
    0x0002423c   0x00000094   Code   RO         1146    i.ble_db_discovery_on_ble_evt  ble_db_discovery.o
    0x000242d0   0x00000048   Code   RO         1147    i.ble_db_discovery_start  ble_db_discovery.o
    0x00024318   0x00000180   Code   RO            6    i.ble_evt_handler   main.o
    0x00024498   0x00000078   Code   RO          614    i.ble_evt_handler   bsp_btn_ble.o
    0x00024510   0x000000a0   Code   RO          984    i.ble_evt_handler   ble_conn_state.o
    0x000245b0   0x00000064   Code   RO            7    i.ble_nus_c_evt_handler  main.o
    0x00024614   0x00000022   Code   RO         1483    i.ble_nus_c_handles_assign  ble_nus_c.o
    0x00024636   0x00000002   PAD
    0x00024638   0x00000064   Code   RO         1484    i.ble_nus_c_init    ble_nus_c.o
    0x0002469c   0x00000066   Code   RO         1485    i.ble_nus_c_on_ble_evt  ble_nus_c.o
    0x00024702   0x00000094   Code   RO         1486    i.ble_nus_c_on_db_disc_evt  ble_nus_c.o
    0x00024796   0x00000002   PAD
    0x00024798   0x00000048   Code   RO         1487    i.ble_nus_c_string_send  ble_nus_c.o
    0x000247e0   0x0000002c   Code   RO         1488    i.ble_nus_c_tx_notif_enable  ble_nus_c.o
    0x0002480c   0x0000005a   Code   RO            8    i.ble_nus_chars_received_uart_print  main.o
    0x00024866   0x00000056   Code   RO            9    i.ble_stack_init    main.o
    0x000248bc   0x00000030   Code   RO          386    i.bsp_board_led_invert  boards.o
    0x000248ec   0x00000014   Code   RO          387    i.bsp_board_led_off  boards.o
    0x00024900   0x00000014   Code   RO          388    i.bsp_board_led_on  boards.o
    0x00024914   0x00000030   Code   RO          389    i.bsp_board_led_state_get  boards.o
    0x00024944   0x00000030   Code   RO          390    i.bsp_board_leds_init  boards.o
    0x00024974   0x00000014   Code   RO          391    i.bsp_board_leds_off  boards.o
    0x00024988   0x00000014   Code   RO          392    i.bsp_board_leds_on  boards.o
    0x0002499c   0x00000024   Code   RO          393    i.bsp_board_pin_to_button_idx  boards.o
    0x000249c0   0x000000c4   Code   RO          497    i.bsp_button_event_handler  bsp.o
    0x00024a84   0x0000005c   Code   RO          501    i.bsp_event_to_button_action_assign  bsp.o
    0x00024ae0   0x00000020   Code   RO          502    i.bsp_indication_set  bsp.o
    0x00024b00   0x0000037c   Code   RO          504    i.bsp_led_indication  bsp.o
    0x00024e7c   0x00000024   Code   RO           10    i.button_event_handler  main.o
    0x00024ea0   0x00000028   Code   RO           11    i.buttons_init      main.o
    0x00024ec8   0x00000030   Code   RO         1489    i.cccd_configure    ble_nus_c.o
    0x00024ef8   0x00000020   Code   RO         1806    i.channel_free      nrf_drv_gpiote.o
    0x00024f18   0x00000010   Code   RO         1807    i.channel_handler_get  nrf_drv_gpiote.o
    0x00024f28   0x00000080   Code   RO         1808    i.channel_port_alloc  nrf_drv_gpiote.o
    0x00024fa8   0x0000000c   Code   RO         1809    i.channel_port_get  nrf_drv_gpiote.o
    0x00024fb4   0x00000060   Code   RO         1148    i.characteristics_discover  ble_db_discovery.o
    0x00025014   0x00000030   Code   RO         1568    i.clock_clk_started_notify  nrf_drv_clock.o
    0x00025044   0x00000090   Code   RO         2620    i.compare_reg_update  app_timer.o
    0x000250d4   0x00000054   Code   RO          617    i.connection_buttons_configure  bsp_btn_ble.o
    0x00025128   0x00000030   Code   RO         1348    i.data_length_update  nrf_ble_gatt.o
    0x00025158   0x00000018   Code   RO           12    i.db_disc_handler   main.o
    0x00025170   0x00000024   Code   RO           13    i.db_discovery_init  main.o
    0x00025194   0x000000b6   Code   RO         1149    i.descriptors_discover  ble_db_discovery.o
    0x0002524a   0x00000002   PAD
    0x0002524c   0x0000008c   Code   RO         2414    i.detection_delay_timeout_handler  app_button.o
    0x000252d8   0x000000a4   Code   RO         1150    i.discovery_complete_evt_trigger  ble_db_discovery.o
    0x0002537c   0x00000048   Code   RO         1151    i.discovery_error_evt_trigger  ble_db_discovery.o
    0x000253c4   0x00000084   Code   RO         1152    i.discovery_start   ble_db_discovery.o
    0x00025448   0x00000064   Code   RO         2621    i.elapsed_ticks_acquire  app_timer.o
    0x000254ac   0x00000058   Code   RO         3232    i.erase             nrf_fstorage_sd.o
    0x00025504   0x0000000e   Code   RO         3233    i.erase_execute     nrf_fstorage_sd.o
    0x00025512   0x00000002   PAD
    0x00025514   0x00000054   Code   RO         4449    i.errata_108        system_nrf52.o
    0x00025568   0x00000054   Code   RO         4450    i.errata_12         system_nrf52.o
    0x000255bc   0x00000054   Code   RO         4451    i.errata_136        system_nrf52.o
    0x00025610   0x00000030   Code   RO         4452    i.errata_16         system_nrf52.o
    0x00025640   0x00000020   Code   RO         4453    i.errata_182        system_nrf52.o
    0x00025660   0x00000054   Code   RO         4454    i.errata_31         system_nrf52.o
    0x000256b4   0x00000030   Code   RO         4455    i.errata_32         system_nrf52.o
    0x000256e4   0x00000054   Code   RO         4456    i.errata_36         system_nrf52.o
    0x00025738   0x00000030   Code   RO         4457    i.errata_37         system_nrf52.o
    0x00025768   0x00000030   Code   RO         4458    i.errata_57         system_nrf52.o
    0x00025798   0x00000030   Code   RO         4459    i.errata_66         system_nrf52.o
    0x000257c8   0x00000064   Code   RO         3234    i.event_send        nrf_fstorage_sd.o
    0x0002582c   0x00000058   Code   RO         2622    i.expired_timers_handler  app_timer.o
    0x00025884   0x00000018   Code   RO         3675    i.fifo_get          app_fifo.o
    0x0002589c   0x0000000a   Code   RO         3599    i.fifo_length       app_uart_fifo.o
    0x000258a6   0x0000000a   Code   RO         3676    i.fifo_length       app_fifo.o
    0x000258b0   0x00000012   Code   RO         3677    i.fifo_peek         app_fifo.o
    0x000258c2   0x00000012   Code   RO         3678    i.fifo_put          app_fifo.o
    0x000258d4   0x00000024   Code   RO           14    i.gatt_init         main.o
    0x000258f8   0x00000080   Code   RO         2415    i.gpiote_event_handler  app_button.o
    0x00025978   0x00000050   Code   RO         3235    i.init              nrf_fstorage_sd.o
    0x000259c8   0x0000008c   Code   RO         2101    i.interrupts_enable  nrf_drv_uart.o
    0x00025a54   0x00000014   Code   RO         3236    i.is_busy           nrf_fstorage_sd.o
    0x00025a68   0x00000024   Code   RO         1153    i.is_char_discovery_reqd  ble_db_discovery.o
    0x00025a8c   0x0000005e   Code   RO         1154    i.is_desc_discovery_reqd  ble_db_discovery.o
    0x00025aea   0x0000000c   Code   RO         1571    i.item_dequeue      nrf_drv_clock.o
    0x00025af6   0x00000006   Code   RO           15    i.led_status_send_to_all  main.o
    0x00025afc   0x00000008   Code   RO           16    i.leds_init         main.o
    0x00025b04   0x00000028   Code   RO          508    i.leds_off          bsp.o
    0x00025b2c   0x0000001c   Code   RO         1574    i.lfclk_stop        nrf_drv_clock.o
    0x00025b48   0x00000014   Code   RO         1349    i.link_init         nrf_ble_gatt.o
    0x00025b5c   0x0000013c   Code   RO         2623    i.list_insertions_handler  app_timer.o
    0x00025c98   0x00000018   Code   RO           17    i.log_init          main.o
    0x00025cb0   0x0000003a   Code   RO           18    i.main              main.o
    0x00025cea   0x00000016   Code   RO         2954    i.nrf_atfifo_clear  nrf_atfifo.o
    0x00025d00   0x00000028   Code   RO         2956    i.nrf_atfifo_init   nrf_atfifo.o
    0x00025d28   0x0000001c   Code   RO         2957    i.nrf_atfifo_item_alloc  nrf_atfifo.o
    0x00025d44   0x0000001c   Code   RO         2958    i.nrf_atfifo_item_free  nrf_atfifo.o
    0x00025d60   0x0000001c   Code   RO         2959    i.nrf_atfifo_item_get  nrf_atfifo.o
    0x00025d7c   0x0000001c   Code   RO         2960    i.nrf_atfifo_item_put  nrf_atfifo.o
    0x00025d98   0x00000016   Code   RO         1810    i.nrf_bitmask_bit_is_set  nrf_drv_gpiote.o
    0x00025dae   0x00000036   Code   RO         1355    i.nrf_ble_gatt_init  nrf_ble_gatt.o
    0x00025de4   0x000000ae   Code   RO         1356    i.nrf_ble_gatt_on_ble_evt  nrf_ble_gatt.o
    0x00025e92   0x00000012   Code   RO         1575    i.nrf_clock_event_check  nrf_drv_clock.o
    0x00025ea4   0x00000012   Code   RO         1576    i.nrf_clock_event_clear  nrf_drv_clock.o
    0x00025eb6   0x00000002   PAD
    0x00025eb8   0x0000000c   Code   RO         1578    i.nrf_clock_int_disable  nrf_drv_clock.o
    0x00025ec4   0x00000010   Code   RO         1580    i.nrf_clock_lf_is_running  nrf_drv_clock.o
    0x00025ed4   0x00000008   Code   RO         1581    i.nrf_clock_task_trigger  nrf_drv_clock.o
    0x00025edc   0x0000009c   Code   RO         2624    i.nrf_delay_us      app_timer.o
    0x00025f78   0x00000068   Code   RO         1587    i.nrf_drv_clock_init  nrf_drv_clock.o
    0x00025fe0   0x00000030   Code   RO         1591    i.nrf_drv_clock_lfclk_release  nrf_drv_clock.o
    0x00026010   0x00000060   Code   RO         1769    i.nrf_drv_common_irq_enable  nrf_drv_common.o
    0x00026070   0x0000000a   Code   RO         2103    i.nrf_drv_get_IRQn  nrf_drv_uart.o
    0x0002607a   0x00000002   PAD
    0x0002607c   0x00000054   Code   RO         1814    i.nrf_drv_gpiote_in_event_disable  nrf_drv_gpiote.o
    0x000260d0   0x000000dc   Code   RO         1816    i.nrf_drv_gpiote_in_init  nrf_drv_gpiote.o
    0x000261ac   0x00000014   Code   RO         1817    i.nrf_drv_gpiote_in_is_set  nrf_drv_gpiote.o
    0x000261c0   0x00000060   Code   RO         1819    i.nrf_drv_gpiote_init  nrf_drv_gpiote.o
    0x00026220   0x00000014   Code   RO         1820    i.nrf_drv_gpiote_is_init  nrf_drv_gpiote.o
    0x00026234   0x00000014   Code   RO         2104    i.nrf_drv_is_in_RAM  nrf_drv_uart.o
    0x00026248   0x00000084   Code   RO         2106    i.nrf_drv_uart_init  nrf_drv_uart.o
    0x000262cc   0x000000d4   Code   RO         2107    i.nrf_drv_uart_rx   nrf_drv_uart.o
    0x000263a0   0x00000034   Code   RO         2110    i.nrf_drv_uart_rx_enable  nrf_drv_uart.o
    0x000263d4   0x000000cc   Code   RO         2111    i.nrf_drv_uart_rx_for_uart  nrf_drv_uart.o
    0x000264a0   0x000000c8   Code   RO         2112    i.nrf_drv_uart_rx_for_uarte  nrf_drv_uart.o
    0x00026568   0x00000064   Code   RO         2114    i.nrf_drv_uart_tx   nrf_drv_uart.o
    0x000265cc   0x0000008c   Code   RO         2116    i.nrf_drv_uart_tx_for_uart  nrf_drv_uart.o
    0x00026658   0x0000007c   Code   RO         2117    i.nrf_drv_uart_tx_for_uarte  nrf_drv_uart.o
    0x000266d4   0x0000001c   Code   RO         2118    i.nrf_drv_uart_tx_in_progress  nrf_drv_uart.o
    0x000266f0   0x0000001c   Code   RO         3237    i.nrf_fstorage_sdh_req_handler  nrf_fstorage_sd.o
    0x0002670c   0x0000002c   Code   RO         3238    i.nrf_fstorage_sdh_state_handler  nrf_fstorage_sd.o
    0x00026738   0x0000007c   Code   RO         3239    i.nrf_fstorage_sys_evt_handler  nrf_fstorage_sd.o
    0x000267b4   0x00000028   Code   RO          395    i.nrf_gpio_cfg      boards.o
    0x000267dc   0x00000028   Code   RO         1834    i.nrf_gpio_cfg      nrf_drv_gpiote.o
    0x00026804   0x00000028   Code   RO         2120    i.nrf_gpio_cfg      nrf_drv_uart.o
    0x0002682c   0x0000001a   Code   RO         2122    i.nrf_gpio_cfg_input  nrf_drv_uart.o
    0x00026846   0x00000018   Code   RO         2123    i.nrf_gpio_cfg_output  nrf_drv_uart.o
    0x0002685e   0x00000032   Code   RO         1836    i.nrf_gpio_cfg_sense_set  nrf_drv_gpiote.o
    0x00026890   0x00000018   Code   RO         1838    i.nrf_gpio_pin_read  nrf_drv_gpiote.o
    0x000268a8   0x00000016   Code   RO         2124    i.nrf_gpio_pin_set  nrf_drv_uart.o
    0x000268be   0x0000003a   Code   RO          396    i.nrf_gpio_pin_write  boards.o
    0x000268f8   0x00000028   Code   RO         1840    i.nrf_gpio_ports_read  nrf_drv_gpiote.o
    0x00026920   0x0000000c   Code   RO         1841    i.nrf_gpiote_event_addr_get  nrf_drv_gpiote.o
    0x0002692c   0x0000001c   Code   RO         1842    i.nrf_gpiote_event_clear  nrf_drv_gpiote.o
    0x00026948   0x00000016   Code   RO         1843    i.nrf_gpiote_event_is_set  nrf_drv_gpiote.o
    0x0002695e   0x00000002   PAD
    0x00026960   0x0000000c   Code   RO         1844    i.nrf_gpiote_int_enable  nrf_drv_gpiote.o
    0x0002696c   0x00000018   Code   RO         4354    i.nrf_sdh_ble_app_ram_start_get  nrf_sdh_ble.o
    0x00026984   0x000000a0   Code   RO         4355    i.nrf_sdh_ble_default_cfg_set  nrf_sdh_ble.o
    0x00026a24   0x00000010   Code   RO         4356    i.nrf_sdh_ble_enable  nrf_sdh_ble.o
    0x00026a34   0x00000060   Code   RO         4357    i.nrf_sdh_ble_evts_poll  nrf_sdh_ble.o
    0x00026a94   0x00000050   Code   RO         4216    i.nrf_sdh_disable_request  nrf_sdh.o
    0x00026ae4   0x00000070   Code   RO         4217    i.nrf_sdh_enable_request  nrf_sdh.o
    0x00026b54   0x00000030   Code   RO         4218    i.nrf_sdh_evts_poll  nrf_sdh.o
    0x00026b84   0x0000000c   Code   RO         4219    i.nrf_sdh_is_enabled  nrf_sdh.o
    0x00026b90   0x00000028   Code   RO         4221    i.nrf_sdh_request_continue  nrf_sdh.o
    0x00026bb8   0x00000054   Code   RO         4409    i.nrf_sdh_soc_evts_poll  nrf_sdh_soc.o
    0x00026c0c   0x00000006   Code   RO         4224    i.nrf_section_iter_get  nrf_sdh.o
    0x00026c12   0x00000014   Code   RO         3461    i.nrf_section_iter_init  nrf_section_iter.o
    0x00026c26   0x0000002e   Code   RO         3462    i.nrf_section_iter_item_set  nrf_section_iter.o
    0x00026c54   0x0000002e   Code   RO         3463    i.nrf_section_iter_next  nrf_section_iter.o
    0x00026c82   0x0000000c   Code   RO         2125    i.nrf_uart_errorsrc_get_and_clear  nrf_drv_uart.o
    0x00026c8e   0x0000000e   Code   RO         2126    i.nrf_uart_event_check  nrf_drv_uart.o
    0x00026c9c   0x0000000e   Code   RO         2127    i.nrf_uart_event_clear  nrf_drv_uart.o
    0x00026caa   0x0000000a   Code   RO         2128    i.nrf_uart_hwfc_pins_set  nrf_drv_uart.o
    0x00026cb4   0x00000006   Code   RO         2129    i.nrf_uart_int_disable  nrf_drv_uart.o
    0x00026cba   0x00000006   Code   RO         2130    i.nrf_uart_int_enable  nrf_drv_uart.o
    0x00026cc0   0x00000012   Code   RO         2131    i.nrf_uart_int_enable_check  nrf_drv_uart.o
    0x00026cd2   0x00000006   Code   RO         2132    i.nrf_uart_task_trigger  nrf_drv_uart.o
    0x00026cd8   0x0000000a   Code   RO         2133    i.nrf_uart_txrx_pins_set  nrf_drv_uart.o
    0x00026ce2   0x0000000c   Code   RO         2134    i.nrf_uarte_errorsrc_get_and_clear  nrf_drv_uart.o
    0x00026cee   0x0000000e   Code   RO         2135    i.nrf_uarte_event_check  nrf_drv_uart.o
    0x00026cfc   0x0000000e   Code   RO         2136    i.nrf_uarte_event_clear  nrf_drv_uart.o
    0x00026d0a   0x0000000c   Code   RO         2137    i.nrf_uarte_hwfc_pins_set  nrf_drv_uart.o
    0x00026d16   0x00000006   Code   RO         2138    i.nrf_uarte_int_disable  nrf_drv_uart.o
    0x00026d1c   0x00000006   Code   RO         2139    i.nrf_uarte_int_enable  nrf_drv_uart.o
    0x00026d22   0x0000000a   Code   RO         2140    i.nrf_uarte_rx_amount_get  nrf_drv_uart.o
    0x00026d2c   0x00000006   Code   RO         2141    i.nrf_uarte_task_trigger  nrf_drv_uart.o
    0x00026d32   0x0000000e   Code   RO         2142    i.nrf_uarte_txrx_pins_set  nrf_drv_uart.o
    0x00026d40   0x0000003c   Code   RO           19    i.nus_c_init        main.o
    0x00026d7c   0x00000088   Code   RO           20    i.on_adv_report     main.o
    0x00026e04   0x00000180   Code   RO         1155    i.on_characteristic_discovery_rsp  ble_db_discovery.o
    0x00026f84   0x00000066   Code   RO         1357    i.on_connected_evt  nrf_ble_gatt.o
    0x00026fea   0x00000002   PAD
    0x00026fec   0x00000058   Code   RO         1358    i.on_data_length_update_evt  nrf_ble_gatt.o
    0x00027044   0x00000044   Code   RO         1359    i.on_data_length_update_request_evt  nrf_ble_gatt.o
    0x00027088   0x00000130   Code   RO         1156    i.on_descriptor_discovery_rsp  ble_db_discovery.o
    0x000271b8   0x0000001e   Code   RO         1157    i.on_disconnected   ble_db_discovery.o
    0x000271d6   0x00000014   Code   RO         1360    i.on_disconnected_evt  nrf_ble_gatt.o
    0x000271ea   0x00000002   PAD
    0x000271ec   0x00000070   Code   RO         1361    i.on_exchange_mtu_request_evt  nrf_ble_gatt.o
    0x0002725c   0x00000068   Code   RO         1362    i.on_exchange_mtu_rsp_evt  nrf_ble_gatt.o
    0x000272c4   0x00000038   Code   RO         1490    i.on_hvx            ble_nus_c.o
    0x000272fc   0x00000024   Code   RO         3240    i.on_operation_failure  nrf_fstorage_sd.o
    0x00027320   0x00000060   Code   RO         3241    i.on_operation_success  nrf_fstorage_sd.o
    0x00027380   0x00000080   Code   RO         1158    i.on_primary_srv_discovery_rsp  ble_db_discovery.o
    0x00027400   0x0000009c   Code   RO         1159    i.on_srv_disc_completion  ble_db_discovery.o
    0x0002749c   0x00000034   Code   RO         1160    i.pending_user_evts_send  ble_db_discovery.o
    0x000274d0   0x0000001c   Code   RO         1847    i.pin_in_use_by_gpiote  nrf_drv_gpiote.o
    0x000274ec   0x00000018   Code   RO         1848    i.pin_in_use_by_port  nrf_drv_gpiote.o
    0x00027504   0x00000020   Code   RO         1849    i.pin_in_use_by_te  nrf_drv_gpiote.o
    0x00027524   0x0000000c   Code   RO         1850    i.pin_in_use_clear  nrf_drv_gpiote.o
    0x00027530   0x0000001a   Code   RO           21    i.power_manage      main.o
    0x0002754a   0x00000002   PAD
    0x0002754c   0x00000018   Code   RO         3242    i.queue_free        nrf_fstorage_sd.o
    0x00027564   0x0000002c   Code   RO         3243    i.queue_load_next   nrf_fstorage_sd.o
    0x00027590   0x0000008c   Code   RO         3244    i.queue_process     nrf_fstorage_sd.o
    0x0002761c   0x0000002c   Code   RO         3245    i.queue_start       nrf_fstorage_sd.o
    0x00027648   0x0000001c   Code   RO         3246    i.read              nrf_fstorage_sd.o
    0x00027664   0x00000048   Code   RO          985    i.record_activate   ble_conn_state.o
    0x000276ac   0x0000001c   Code   RO          986    i.record_invalidate  ble_conn_state.o
    0x000276c8   0x00000044   Code   RO          987    i.record_purge_disconnected  ble_conn_state.o
    0x0002770c   0x00000018   Code   RO          988    i.record_set_disconnected  ble_conn_state.o
    0x00027724   0x00000040   Code   RO         1161    i.registered_handler_get  ble_db_discovery.o
    0x00027764   0x00000044   Code   RO         1162    i.registered_handler_set  ble_db_discovery.o
    0x000277a8   0x00000006   Code   RO         3247    i.rmap              nrf_fstorage_sd.o
    0x000277ae   0x00000002   PAD
    0x000277b0   0x0000000c   Code   RO         2625    i.rtc1_compare0_set  app_timer.o
    0x000277bc   0x0000000c   Code   RO         2626    i.rtc1_counter_get  app_timer.o
    0x000277c8   0x00000018   Code   RO         2627    i.rtc1_init         app_timer.o
    0x000277e0   0x0000003c   Code   RO         2628    i.rtc1_start        app_timer.o
    0x0002781c   0x00000058   Code   RO         2629    i.rtc1_stop         app_timer.o
    0x00027874   0x0000003e   Code   RO         2144    i.rx_byte           nrf_drv_uart.o
    0x000278b2   0x0000001e   Code   RO         2145    i.rx_done_event     nrf_drv_uart.o
    0x000278d0   0x00000022   Code   RO         2146    i.rx_enable         nrf_drv_uart.o
    0x000278f2   0x00000002   PAD
    0x000278f4   0x0000003c   Code   RO           22    i.scan_start        main.o
    0x00027930   0x00000088   Code   RO         4225    i.sd_nvic_EnableIRQ  nrf_sdh.o
    0x000279b8   0x00000050   Code   RO         4226    i.sd_nvic_SetPriority  nrf_sdh.o
    0x00027a08   0x00000068   Code   RO         2836    i.sd_nvic_critical_region_enter  app_util_platform.o
    0x00027a70   0x0000006c   Code   RO         1594    i.sd_state_evt_handler  nrf_drv_clock.o
    0x00027adc   0x0000003c   Code   RO         4227    i.sdh_request_observer_notify  nrf_sdh.o
    0x00027b18   0x00000034   Code   RO         4228    i.sdh_state_observer_notify  nrf_sdh.o
    0x00027b4c   0x0000007c   Code   RO         3529    i.sdk_mapped_flags_bulk_update_by_key  sdk_mapped_flags.o
    0x00027bc8   0x00000024   Code   RO         3530    i.sdk_mapped_flags_first_key_index_get  sdk_mapped_flags.o
    0x00027bec   0x00000012   Code   RO         3531    i.sdk_mapped_flags_get_by_index  sdk_mapped_flags.o
    0x00027bfe   0x00000042   Code   RO         3534    i.sdk_mapped_flags_key_list_get  sdk_mapped_flags.o
    0x00027c40   0x00000020   Code   RO         3535    i.sdk_mapped_flags_n_flags_set  sdk_mapped_flags.o
    0x00027c60   0x0000001a   Code   RO         3536    i.sdk_mapped_flags_update_by_key  sdk_mapped_flags.o
    0x00027c7a   0x00000010   Code   RO         1595    i.soc_evt_handler   nrf_drv_clock.o
    0x00027c8a   0x00000002   PAD
    0x00027c8c   0x0000006c   Code   RO         4229    i.softdevice_evt_irq_disable  nrf_sdh.o
    0x00027cf8   0x0000001e   Code   RO         4230    i.softdevices_evt_irq_enable  nrf_sdh.o
    0x00027d16   0x0000003c   Code   RO         4231    i.swi_interrupt_priority_workaround  nrf_sdh.o
    0x00027d52   0x0000000a   Code   RO         2630    i.ticks_diff_get    app_timer.o
    0x00027d5c   0x0000000c   Code   RO         2631    i.timeout_handler_exec  app_timer.o
    0x00027d68   0x0000001c   Code   RO           23    i.timer_init        main.o
    0x00027d84   0x00000050   Code   RO         2632    i.timer_list_handler  app_timer.o
    0x00027dd4   0x0000000a   Code   RO         2633    i.timer_list_handler_sched  app_timer.o
    0x00027dde   0x00000002   PAD
    0x00027de0   0x00000068   Code   RO         2634    i.timer_list_insert  app_timer.o
    0x00027e48   0x00000088   Code   RO         2635    i.timer_list_remove  app_timer.o
    0x00027ed0   0x0000005e   Code   RO         2636    i.timer_start_op_schedule  app_timer.o
    0x00027f2e   0x00000042   Code   RO         2637    i.timer_stop_op_schedule  app_timer.o
    0x00027f70   0x00000098   Code   RO         2638    i.timer_timeouts_check  app_timer.o
    0x00028008   0x0000000a   Code   RO         2639    i.timer_timeouts_check_sched  app_timer.o
    0x00028012   0x00000026   Code   RO         2147    i.tx_byte           nrf_drv_uart.o
    0x00028038   0x00000022   Code   RO         2148    i.tx_done_event     nrf_drv_uart.o
    0x0002805a   0x00000002   PAD
    0x0002805c   0x000000c0   Code   RO           24    i.uart_event_handle  main.o
    0x0002811c   0x000000d4   Code   RO         3600    i.uart_event_handler  app_uart_fifo.o
    0x000281f0   0x0000005c   Code   RO           25    i.uart_init         main.o
    0x0002824c   0x00000142   Code   RO         2149    i.uart_irq_handler  nrf_drv_uart.o
    0x0002838e   0x0000010c   Code   RO         2150    i.uarte_irq_handler  nrf_drv_uart.o
    0x0002849a   0x00000002   PAD
    0x0002849c   0x00000024   Code   RO         3248    i.uninit            nrf_fstorage_sd.o
    0x000284c0   0x0000003c   Code   RO         2640    i.user_op_alloc     app_timer.o
    0x000284fc   0x0000000c   Code   RO         2641    i.user_op_enque     app_timer.o
    0x00028508   0x00000006   Code   RO         3249    i.wmap              nrf_fstorage_sd.o
    0x0002850e   0x00000002   PAD
    0x00028510   0x00000054   Code   RO         3250    i.write             nrf_fstorage_sd.o
    0x00028564   0x00000058   Code   RO         3251    i.write_execute     nrf_fstorage_sd.o
    0x000285bc   0x00000030   Data   RO           27    .constdata          main.o
    0x000285ec   0x00000008   Data   RO          397    .constdata          boards.o
    0x000285f4   0x0000002c   Data   RO          512    .constdata          bsp.o
    0x00028620   0x0000007c   Data   RO         1164    .constdata          ble_db_discovery.o
    0x0002869c   0x00000016   Data   RO         1363    .constdata          nrf_ble_gatt.o
    0x000286b2   0x00000002   PAD
    0x000286b4   0x00000028   Data   RO         1491    .constdata          ble_nus_c.o
    0x000286dc   0x00000047   Data   RO         1852    .constdata          nrf_drv_gpiote.o
    0x00028723   0x00000001   PAD
    0x00028724   0x00000008   Data   RO         2417    .constdata          app_button.o
    0x0002872c   0x00000030   Data   RO         3253    .constdata          nrf_fstorage_sd.o
    0x0002875c   0x00000020   Data   RO         3602    .constdata          app_uart_fifo.o
    0x0002877c   0x00000058   Data   RO         4232    .constdata          nrf_sdh.o
    0x000287d4   0x00000030   Data   RO         4359    .constdata          nrf_sdh_ble.o
    0x00028804   0x0000001c   Data   RO         4410    .constdata          nrf_sdh_soc.o
    0x00028820   0x00000020   Data   RO         4581    Region$$Table       anon$$obj.o
    0x00028840   0x00000008   Data   RO          992    sdh_ble_observers0  ble_conn_state.o
    0x00028848   0x00000010   Data   RO           29    sdh_ble_observers1  main.o
    0x00028858   0x00000008   Data   RO          620    sdh_ble_observers1  bsp_btn_ble.o
    0x00028860   0x000000a0   Data   RO           30    sdh_ble_observers2  main.o
    0x00028900   0x00000008   Data   RO           31    sdh_ble_observers3  main.o
    0x00028908   0x00000008   Data   RO         3255    sdh_req_observers0  nrf_fstorage_sd.o
    0x00028910   0x00000008   Data   RO         1598    sdh_soc_observers0  nrf_drv_clock.o
    0x00028918   0x00000008   Data   RO         3256    sdh_soc_observers0  nrf_fstorage_sd.o
    0x00028920   0x00000008   Data   RO         4360    sdh_stack_observers0  nrf_sdh_ble.o
    0x00028928   0x00000008   Data   RO         4411    sdh_stack_observers0  nrf_sdh_soc.o
    0x00028930   0x00000008   Data   RO         1599    sdh_state_observers0  nrf_drv_clock.o
    0x00028938   0x00000008   Data   RO         3257    sdh_state_observers0  nrf_fstorage_sd.o


    Execution Region RW_IRAM1 (Base: 0x20007d28, Size: 0x00002e20, Max: 0x0000be70, ABSOLUTE, COMPRESSED[0x0000001c])

    Base Addr    Size         Type   Attr      Idx    E Section Name        Object

    0x20007d28   0x000002d8   Data   RW           28    .data               main.o
    0x20008000   0x00000015   Data   RW          513    .data               bsp.o
    0x20008015   0x00000003   PAD
    0x20008018   0x00000008   Data   RW          619    .data               bsp_btn_ble.o
    0x20008020   0x0000000d   Data   RW         1165    .data               ble_db_discovery.o
    0x2000802d   0x00000003   PAD
    0x20008030   0x00000014   Data   RW         2418    .data               app_button.o
    0x20008044   0x00000014   Data   RW         2643    .data               app_timer.o
    0x20008058   0x00000008   Data   RW         3254    .data               nrf_fstorage_sd.o
    0x20008060   0x0000000f   Data   RW         3603    .data               app_uart_fifo.o
    0x2000806f   0x00000003   Data   RW         4233    .data               nrf_sdh.o
    0x20008072   0x00000002   PAD
    0x20008074   0x00000004   Data   RW         4460    .data               system_nrf52.o
    0x20008078   0x00000400   Zero   RW           26    .bss                main.o
    0x20008478   0x0000006c   Zero   RW          511    .bss                bsp.o
    0x200084e4   0x000000b8   Zero   RW          991    .bss                ble_conn_state.o
    0x2000859c   0x00000318   Zero   RW         1163    .bss                ble_db_discovery.o
    0x200088b4   0x00000014   Zero   RW         1596    .bss                nrf_drv_clock.o
    0x200088c8   0x00000058   Zero   RW         1851    .bss                nrf_drv_gpiote.o
    0x20008920   0x00000020   Zero   RW         2151    .bss                nrf_drv_uart.o
    0x20008940   0x00000020   Zero   RW         2416    .bss                app_button.o
    0x20008960   0x0000010c   Zero   RW         2642    .bss                app_timer.o
    0x20008a6c   0x0000000c   Zero   RW         2837    .bss                app_util_platform.o
    0x20008a78   0x000000b0   Zero   RW         3252    .bss                nrf_fstorage_sd.o
    0x20008b28   0x00000020   Zero   RW         3601    .bss                app_uart_fifo.o
    0x20008b48   0x00002000   Zero   RW         4437    STACK               arm_startup_nrf52.o


==============================================================================

Image component sizes


      Code (inc. data)   RO Data    RW Data    ZI Data      Debug   Object Name

       488         84          8         20         32      10079   app_button.o
        28          0          0          0          0       2105   app_error.o
        88          8          0          0          0      30481   app_error_weak.o
       170          0          0          0          0       5434   app_fifo.o
      2200        248          0         20        268      52547   app_timer.o
       602         92         32         15         32      11754   app_uart_fifo.o
       200         24          0          0         12       9914   app_util_platform.o
        36          8        512          0       8192        916   arm_startup_nrf52.o
         0          0          0          0          0        380   ble_advdata.o
         0          0          0          0          0       3252   ble_advertising.o
       400         32          8          0        184       6961   ble_conn_state.o
      2290        132        124         13        792      20399   ble_db_discovery.o
       604         14         40          0          0      17682   ble_nus_c.o
       358         26          8          0          0      11861   boards.o
      1252         78         44         21        108      10413   bsp.o
       288          8          8          8          0       3768   bsp_btn_ble.o
      1574         92        232        728       1024     138551   main.o
       374          0          0          0          0       7908   nrf_atfifo.o
       790         16         22          0          0      34074   nrf_ble_gatt.o
       516         52         16          0         20      42651   nrf_drv_clock.o
        96         12          0          0          0      27643   nrf_drv_common.o
      1542        106         71          0         88      34223   nrf_drv_gpiote.o
      2716         74          0          0         32      49425   nrf_drv_uart.o
      1284        120         72          8        176      22427   nrf_fstorage_sd.o
       916         92         88          3          0      44606   nrf_sdh.o
       296         10         56          0          0       5561   nrf_sdh_ble.o
        84          4         36          0          0       2572   nrf_sdh_soc.o
       112          0          0          0          0       2772   nrf_section_iter.o
       302          0          0          0          0       6153   sdk_mapped_flags.o
      1372        142          0          4          0       8455   system_nrf52.o

    ----------------------------------------------------------------------
     21016       1474       1412        848      10960     624967   Object Totals
         0          0         32          0          0          0   (incl. Generated)
        38          0          3          8          0          0   (incl. Padding)

    ----------------------------------------------------------------------

      Code (inc. data)   RO Data    RW Data    ZI Data      Debug   Library Member Name

        58          0          0          0          0          0   __dczerorl.o
         0          0          0          0          0          0   entry.o
         0          0          0          0          0          0   entry10a.o
         0          0          0          0          0          0   entry11a.o
         8          4          0          0          0          0   entry2.o
         4          0          0          0          0          0   entry5.o
         0          0          0          0          0          0   entry7b.o
         0          0          0          0          0          0   entry8b.o
         8          4          0          0          0          0   entry9a.o
        30          0          0          0          0          0   handlers.o
        36          8          0          0          0         68   init.o
        30          0          0          0          0         68   llshl.o
        32          0          0          0          0         68   llushr.o
        26          0          0          0          0         80   memcmp.o
        36          0          0          0          0         68   memcpya.o
        36          0          0          0          0        108   memseta.o
        14          0          0          0          0         68   strlen.o
        98          0          0          0          0         92   uldiv.o

    ----------------------------------------------------------------------
       420         16          0          0          0        620   Library Totals
         4          0          0          0          0          0   (incl. Padding)

    ----------------------------------------------------------------------

      Code (inc. data)   RO Data    RW Data    ZI Data      Debug   Library Name

       416         16          0          0          0        620   mc_w.l

    ----------------------------------------------------------------------
       420         16          0          0          0        620   Library Totals

    ----------------------------------------------------------------------

==============================================================================


      Code (inc. data)   RO Data    RW Data    ZI Data      Debug   

     21436       1490       1412        848      10960     597263   Grand Totals
     21436       1490       1412         28      10960     597263   ELF Image Totals (compressed)
     21436       1490       1412         28          0          0   ROM Totals

==============================================================================

    Total RO  Size (Code + RO Data)                22848 (  22.31kB)
    Total RW  Size (RW Data + ZI Data)             11808 (  11.53kB)
    Total ROM Size (Code + RO Data + RW Data)      22876 (  22.34kB)

==============================================================================

